Archive member included to satisfy reference by file (symbol)

c:/st/stm32cubeide_1.6.1/stm32cubeide/plugins/com.st.stm32cube.ide.mcu.externaltools.gnu-tools-for-stm32.9-2020-q2-update.win32_1.5.0.202011040924/tools/bin/../lib/gcc/arm-none-eabi/9.3.1/../../../../arm-none-eabi/lib/thumb/v7-m/nofp\libc.a(lib_a-exit.o)
                              c:/st/stm32cubeide_1.6.1/stm32cubeide/plugins/com.st.stm32cube.ide.mcu.externaltools.gnu-tools-for-stm32.9-2020-q2-update.win32_1.5.0.202011040924/tools/bin/../lib/gcc/arm-none-eabi/9.3.1/../../../../arm-none-eabi/lib/thumb/v7-m/nofp/crt0.o (exit)
c:/st/stm32cubeide_1.6.1/stm32cubeide/plugins/com.st.stm32cube.ide.mcu.externaltools.gnu-tools-for-stm32.9-2020-q2-update.win32_1.5.0.202011040924/tools/bin/../lib/gcc/arm-none-eabi/9.3.1/../../../../arm-none-eabi/lib/thumb/v7-m/nofp\libc.a(lib_a-impure.o)
                              c:/st/stm32cubeide_1.6.1/stm32cubeide/plugins/com.st.stm32cube.ide.mcu.externaltools.gnu-tools-for-stm32.9-2020-q2-update.win32_1.5.0.202011040924/tools/bin/../lib/gcc/arm-none-eabi/9.3.1/../../../../arm-none-eabi/lib/thumb/v7-m/nofp\libc.a(lib_a-exit.o) (_global_impure_ptr)
c:/st/stm32cubeide_1.6.1/stm32cubeide/plugins/com.st.stm32cube.ide.mcu.externaltools.gnu-tools-for-stm32.9-2020-q2-update.win32_1.5.0.202011040924/tools/bin/../lib/gcc/arm-none-eabi/9.3.1/../../../../arm-none-eabi/lib/thumb/v7-m/nofp\libc.a(lib_a-init.o)
                              c:/st/stm32cubeide_1.6.1/stm32cubeide/plugins/com.st.stm32cube.ide.mcu.externaltools.gnu-tools-for-stm32.9-2020-q2-update.win32_1.5.0.202011040924/tools/bin/../lib/gcc/arm-none-eabi/9.3.1/../../../../arm-none-eabi/lib/thumb/v7-m/nofp/crt0.o (__libc_init_array)
c:/st/stm32cubeide_1.6.1/stm32cubeide/plugins/com.st.stm32cube.ide.mcu.externaltools.gnu-tools-for-stm32.9-2020-q2-update.win32_1.5.0.202011040924/tools/bin/../lib/gcc/arm-none-eabi/9.3.1/../../../../arm-none-eabi/lib/thumb/v7-m/nofp\libc.a(lib_a-memcpy-stub.o)
                              Source/ssd1306.o (memcpy)
c:/st/stm32cubeide_1.6.1/stm32cubeide/plugins/com.st.stm32cube.ide.mcu.externaltools.gnu-tools-for-stm32.9-2020-q2-update.win32_1.5.0.202011040924/tools/bin/../lib/gcc/arm-none-eabi/9.3.1/../../../../arm-none-eabi/lib/thumb/v7-m/nofp\libc.a(lib_a-memset.o)
                              c:/st/stm32cubeide_1.6.1/stm32cubeide/plugins/com.st.stm32cube.ide.mcu.externaltools.gnu-tools-for-stm32.9-2020-q2-update.win32_1.5.0.202011040924/tools/bin/../lib/gcc/arm-none-eabi/9.3.1/../../../../arm-none-eabi/lib/thumb/v7-m/nofp/crt0.o (memset)
c:/st/stm32cubeide_1.6.1/stm32cubeide/plugins/com.st.stm32cube.ide.mcu.externaltools.gnu-tools-for-stm32.9-2020-q2-update.win32_1.5.0.202011040924/tools/bin/../lib/gcc/arm-none-eabi/9.3.1/../../../../arm-none-eabi/lib/thumb/v7-m/nofp\libc.a(lib_a-__call_atexit.o)
                              c:/st/stm32cubeide_1.6.1/stm32cubeide/plugins/com.st.stm32cube.ide.mcu.externaltools.gnu-tools-for-stm32.9-2020-q2-update.win32_1.5.0.202011040924/tools/bin/../lib/gcc/arm-none-eabi/9.3.1/../../../../arm-none-eabi/lib/thumb/v7-m/nofp\libc.a(lib_a-exit.o) (__call_exitprocs)
c:/st/stm32cubeide_1.6.1/stm32cubeide/plugins/com.st.stm32cube.ide.mcu.externaltools.gnu-tools-for-stm32.9-2020-q2-update.win32_1.5.0.202011040924/tools/bin/../lib/gcc/arm-none-eabi/9.3.1/../../../../arm-none-eabi/lib/thumb/v7-m/nofp\libc.a(lib_a-atexit.o)
                              c:/st/stm32cubeide_1.6.1/stm32cubeide/plugins/com.st.stm32cube.ide.mcu.externaltools.gnu-tools-for-stm32.9-2020-q2-update.win32_1.5.0.202011040924/tools/bin/../lib/gcc/arm-none-eabi/9.3.1/../../../../arm-none-eabi/lib/thumb/v7-m/nofp\libc.a(lib_a-__call_atexit.o) (atexit)
c:/st/stm32cubeide_1.6.1/stm32cubeide/plugins/com.st.stm32cube.ide.mcu.externaltools.gnu-tools-for-stm32.9-2020-q2-update.win32_1.5.0.202011040924/tools/bin/../lib/gcc/arm-none-eabi/9.3.1/../../../../arm-none-eabi/lib/thumb/v7-m/nofp\libc.a(lib_a-fini.o)
                              c:/st/stm32cubeide_1.6.1/stm32cubeide/plugins/com.st.stm32cube.ide.mcu.externaltools.gnu-tools-for-stm32.9-2020-q2-update.win32_1.5.0.202011040924/tools/bin/../lib/gcc/arm-none-eabi/9.3.1/../../../../arm-none-eabi/lib/thumb/v7-m/nofp\libc.a(lib_a-__call_atexit.o) (__libc_fini_array)
c:/st/stm32cubeide_1.6.1/stm32cubeide/plugins/com.st.stm32cube.ide.mcu.externaltools.gnu-tools-for-stm32.9-2020-q2-update.win32_1.5.0.202011040924/tools/bin/../lib/gcc/arm-none-eabi/9.3.1/../../../../arm-none-eabi/lib/thumb/v7-m/nofp\libc.a(lib_a-lock.o)
                              c:/st/stm32cubeide_1.6.1/stm32cubeide/plugins/com.st.stm32cube.ide.mcu.externaltools.gnu-tools-for-stm32.9-2020-q2-update.win32_1.5.0.202011040924/tools/bin/../lib/gcc/arm-none-eabi/9.3.1/../../../../arm-none-eabi/lib/thumb/v7-m/nofp\libc.a(lib_a-__call_atexit.o) (__retarget_lock_acquire_recursive)
[...]
Memory Configuration

Name             Origin             Length             Attributes
RAM              0x0000000020000000 0x0000000000005000 xrw
FLASH            0x0000000008000000 0x0000000000010000 xr
*default*        0x0000000000000000 0xffffffffffffffff

Linker script and memory map

LOAD c:/st/stm32cubeide_1.6.1/stm32cubeide/plugins/com.st.stm32cube.ide.mcu.externaltools.gnu-tools-for-stm32.9-2020-q2-update.win32_1.5.0.202011040924/tools/bin/../lib/gcc/arm-none-eabi/9.3.1/thumb/v7-m/nofp/crti.o
LOAD c:/st/stm32cubeide_1.6.1/stm32cubeide/plugins/com.st.stm32cube.ide.mcu.externaltools.gnu-tools-for-stm32.9-2020-q2-update.win32_1.5.0.202011040924/tools/bin/../lib/gcc/arm-none-eabi/9.3.1/thumb/v7-m/nofp/crtbegin.o
LOAD c:/st/stm32cubeide_1.6.1/stm32cubeide/plugins/com.st.stm32cube.ide.mcu.externaltools.gnu-tools-for-stm32.9-2020-q2-update.win32_1.5.0.202011040924/tools/bin/../lib/gcc/arm-none-eabi/9.3.1/../../../../arm-none-eabi/lib/thumb/v7-m/nofp/crt0.o
LOAD Core/Src/main.o
LOAD Core/Src/stm32f1xx_hal_msp.o
LOAD Core/Src/stm32f1xx_it.o
LOAD Core/Src/system_stm32f1xx.o
LOAD Core/Startup/startup_stm32f103c8tx.o
LOAD Drivers/STM32F1xx_HAL_Driver/Src/stm32f1xx_hal.o
LOAD Drivers/STM32F1xx_HAL_Driver/Src/stm32f1xx_hal_adc.o
LOAD Drivers/STM32F1xx_HAL_Driver/Src/stm32f1xx_hal_adc_ex.o
LOAD Drivers/STM32F1xx_HAL_Driver/Src/stm32f1xx_hal_cortex.o
LOAD Drivers/STM32F1xx_HAL_Driver/Src/stm32f1xx_hal_dma.o
LOAD Drivers/STM32F1xx_HAL_Driver/Src/stm32f1xx_hal_exti.o
LOAD Drivers/STM32F1xx_HAL_Driver/Src/stm32f1xx_hal_flash.o
LOAD Drivers/STM32F1xx_HAL_Driver/Src/stm32f1xx_hal_flash_ex.o
LOAD Drivers/STM32F1xx_HAL_Driver/Src/stm32f1xx_hal_gpio.o
LOAD Drivers/STM32F1xx_HAL_Driver/Src/stm32f1xx_hal_gpio_ex.o
LOAD Drivers/STM32F1xx_HAL_Driver/Src/stm32f1xx_hal_i2c.o
LOAD Drivers/STM32F1xx_HAL_Driver/Src/stm32f1xx_hal_pcd.o
LOAD Drivers/STM32F1xx_HAL_Driver/Src/stm32f1xx_hal_pcd_ex.o
LOAD Drivers/STM32F1xx_HAL_Driver/Src/stm32f1xx_hal_pwr.o
LOAD Drivers/STM32F1xx_HAL_Driver/Src/stm32f1xx_hal_rcc.o
LOAD Drivers/STM32F1xx_HAL_Driver/Src/stm32f1xx_hal_rcc_ex.o
LOAD Drivers/STM32F1xx_HAL_Driver/Src/stm32f1xx_hal_spi.o
LOAD Drivers/STM32F1xx_HAL_Driver/Src/stm32f1xx_hal_tim.o
LOAD Drivers/STM32F1xx_HAL_Driver/Src/stm32f1xx_hal_tim_ex.o
LOAD Drivers/STM32F1xx_HAL_Driver/Src/stm32f1xx_hal_uart.o
LOAD Drivers/STM32F1xx_HAL_Driver/Src/stm32f1xx_ll_usb.o
LOAD Middlewares/ST/STM32_USB_Device_Library/Core/Src/usbd_core.o
LOAD Middlewares/ST/STM32_USB_Device_Library/Core/Src/usbd_ctlreq.o
LOAD Middlewares/ST/STM32_USB_Device_Library/Core/Src/usbd_ioreq.o
LOAD Source/HelperLib.o
LOAD Source/ProjectMain.o
LOAD Source/debug.o
LOAD Source/jr_flash_103.o
LOAD Source/jr_usart_103_hal.o
LOAD Source/ssd1306.o
LOAD Source/ssd1306_fonts.o
LOAD Source/usb_device.o
LOAD Source/usbd_midi.o
LOAD Source/usbd_midi_if.o
LOAD USB_DEVICE/App/usbd_desc.o
LOAD USB_DEVICE/Target/usbd_conf.o
START GROUP
LOAD c:/st/stm32cubeide_1.6.1/stm32cubeide/plugins/com.st.stm32cube.ide.mcu.externaltools.gnu-tools-for-stm32.9-2020-q2-update.win32_1.5.0.202011040924/tools/bin/../lib/gcc/arm-none-eabi/9.3.1/../../../../arm-none-eabi/lib/thumb/v7-m/nofp\libc.a
LOAD c:/st/stm32cubeide_1.6.1/stm32cubeide/plugins/com.st.stm32cube.ide.mcu.externaltools.gnu-tools-for-stm32.9-2020-q2-update.win32_1.5.0.202011040924/tools/bin/../lib/gcc/arm-none-eabi/9.3.1/../../../../arm-none-eabi/lib/thumb/v7-m/nofp\libm.a
END GROUP
START GROUP
LOAD c:/st/stm32cubeide_1.6.1/stm32cubeide/plugins/com.st.stm32cube.ide.mcu.externaltools.gnu-tools-for-stm32.9-2020-q2-update.win32_1.5.0.202011040924/tools/bin/../lib/gcc/arm-none-eabi/9.3.1/thumb/v7-m/nofp\libgcc.a
LOAD c:/st/stm32cubeide_1.6.1/stm32cubeide/plugins/com.st.stm32cube.ide.mcu.externaltools.gnu-tools-for-stm32.9-2020-q2-update.win32_1.5.0.202011040924/tools/bin/../lib/gcc/arm-none-eabi/9.3.1/../../../../arm-none-eabi/lib/thumb/v7-m/nofp\libc.a
END GROUP
START GROUP
LOAD c:/st/stm32cubeide_1.6.1/stm32cubeide/plugins/com.st.stm32cube.ide.mcu.externaltools.gnu-tools-for-stm32.9-2020-q2-update.win32_1.5.0.202011040924/tools/bin/../lib/gcc/arm-none-eabi/9.3.1/thumb/v7-m/nofp\libgcc.a
LOAD c:/st/stm32cubeide_1.6.1/stm32cubeide/plugins/com.st.stm32cube.ide.mcu.externaltools.gnu-tools-for-stm32.9-2020-q2-update.win32_1.5.0.202011040924/tools/bin/../lib/gcc/arm-none-eabi/9.3.1/../../../../arm-none-eabi/lib/thumb/v7-m/nofp\libc.a
LOAD c:/st/stm32cubeide_1.6.1/stm32cubeide/plugins/com.st.stm32cube.ide.mcu.externaltools.gnu-tools-for-stm32.9-2020-q2-update.win32_1.5.0.202011040924/tools/bin/../lib/gcc/arm-none-eabi/9.3.1/../../../../arm-none-eabi/lib/thumb/v7-m/nofp\libnosys.a
END GROUP
LOAD c:/st/stm32cubeide_1.6.1/stm32cubeide/plugins/com.st.stm32cube.ide.mcu.externaltools.gnu-tools-for-stm32.9-2020-q2-update.win32_1.5.0.202011040924/tools/bin/../lib/gcc/arm-none-eabi/9.3.1/thumb/v7-m/nofp/crtend.o
LOAD c:/st/stm32cubeide_1.6.1/stm32cubeide/plugins/com.st.stm32cube.ide.mcu.externaltools.gnu-tools-for-stm32.9-2020-q2-update.win32_1.5.0.202011040924/tools/bin/../lib/gcc/arm-none-eabi/9.3.1/thumb/v7-m/nofp/crtn.o
                0x0000000020005000                _estack = (ORIGIN (RAM) + LENGTH (RAM))
                0x0000000000000200                _Min_Heap_Size = 0x200
                0x0000000000000400                _Min_Stack_Size = 0x400

.isr_vector     0x0000000008000000      0x10c
                0x0000000008000000                . = ALIGN (0x4)
 *(.isr_vector)
 .isr_vector    0x0000000008000000      0x10c Core/Startup/startup_stm32f103c8tx.o
                0x0000000008000000                g_pfnVectors
                0x000000000800010c                . = ALIGN (0x4)

.text           0x000000000800010c     0x5d70
                0x000000000800010c                . = ALIGN (0x4)
 *(.text)
 .text          0x000000000800010c       0x40 c:/st/stm32cubeide_1.6.1/stm32cubeide/plugins/com.st.stm32cube.ide.mcu.externaltools.gnu-tools-for-stm32.9-2020-q2-update.win32_1.5.0.202011040924/tools/bin/../lib/gcc/arm-none-eabi/9.3.1/thumb/v7-m/nofp/crtbegin.o
 .text          0x000000000800014c      0x21c c:/st/stm32cubeide_1.6.1/stm32cubeide/plugins/com.st.stm32cube.ide.mcu.externaltools.gnu-tools-for-stm32.9-2020-q2-update.win32_1.5.0.202011040924/tools/bin/../lib/gcc/arm-none-eabi/9.3.1/thumb/v7-m/nofp\libgcc.a(_arm_addsubsf3.o)
                0x000000000800014c                __aeabi_frsub
                0x0000000008000154                __subsf3
                0x0000000008000154                __aeabi_fsub
                0x0000000008000158                __aeabi_fadd
                0x0000000008000158                __addsf3
                0x00000000080002b8                __aeabi_ui2f
                0x00000000080002b8                __floatunsisf
                0x00000000080002c0                __aeabi_i2f
                0x00000000080002c0                __floatsisf
                0x00000000080002dc                __aeabi_ul2f
                0x00000000080002dc                __floatundisf
                0x00000000080002ec                __aeabi_l2f
                0x00000000080002ec                __floatdisf
 .text          0x0000000008000368      0x2a0 c:/st/stm32cubeide_1.6.1/stm32cubeide/plugins/com.st.stm32cube.ide.mcu.externaltools.gnu-tools-for-stm32.9-2020-q2-update.win32_1.5.0.202011040924/tools/bin/../lib/gcc/arm-none-eabi/9.3.1/thumb/v7-m/nofp\libgcc.a(_arm_muldivsf3.o)
                0x0000000008000368                __mulsf3
                0x0000000008000368                __aeabi_fmul
                0x00000000080004d0                __aeabi_fdiv
                0x00000000080004d0                __divsf3
 .text          0x0000000008000608       0xec c:/st/stm32cubeide_1.6.1/stm32cubeide/plugins/com.st.stm32cube.ide.mcu.externaltools.gnu-tools-for-stm32.9-2020-q2-update.win32_1.5.0.202011040924/tools/bin/../lib/gcc/arm-none-eabi/9.3.1/thumb/v7-m/nofp\libgcc.a(_arm_cmpsf2.o)
                0x0000000008000608                __gesf2
                0x0000000008000608                __gtsf2
                0x0000000008000610                __lesf2
                0x0000000008000610                __ltsf2
                0x0000000008000618                __nesf2
                0x0000000008000618                __eqsf2
                0x0000000008000618                __cmpsf2
                0x0000000008000678                __aeabi_cfrcmple
                0x0000000008000680                __aeabi_cfcmpeq
                0x0000000008000680                __aeabi_cfcmple
                0x0000000008000690                __aeabi_fcmpeq
                0x00000000080006a4                __aeabi_fcmplt
                0x00000000080006b8                __aeabi_fcmple
                0x00000000080006cc                __aeabi_fcmpge
                0x00000000080006e0                __aeabi_fcmpgt
 .text          0x00000000080006f4       0x4c c:/st/stm32cubeide_1.6.1/stm32cubeide/plugins/com.st.stm32cube.ide.mcu.externaltools.gnu-tools-for-stm32.9-2020-q2-update.win32_1.5.0.202011040924/tools/bin/../lib/gcc/arm-none-eabi/9.3.1/thumb/v7-m/nofp\libgcc.a(_arm_fixsfsi.o)
                0x00000000080006f4                __aeabi_f2iz
                0x00000000080006f4                __fixsfsi
 .text          0x0000000008000740       0x40 c:/st/stm32cubeide_1.6.1/stm32cubeide/plugins/com.st.stm32cube.ide.mcu.externaltools.gnu-tools-for-stm32.9-2020-q2-update.win32_1.5.0.202011040924/tools/bin/../lib/gcc/arm-none-eabi/9.3.1/thumb/v7-m/nofp\libgcc.a(_arm_fixunssfsi.o)
                0x0000000008000740                __fixunssfsi
                0x0000000008000740                __aeabi_f2uiz
 *(.text*)
 .text.SystemClock_Config
                0x0000000008000780       0x86 Core/Src/main.o
                0x0000000008000780                SystemClock_Config
 *fill*         0x0000000008000806        0x2 
 .text.startup.main
                0x0000000008000808      0x324 Core/Src/main.o
                0x0000000008000808                main
 .text.Error_Handler
                0x0000000008000b2c        0x4 Core/Src/main.o
                0x0000000008000b2c                Error_Handler
 .text.HAL_MspInit
                0x0000000008000b30       0x44 Core/Src/stm32f1xx_hal_msp.o
                0x0000000008000b30                HAL_MspInit
 .text.HAL_ADC_MspInit
                0x0000000008000b74       0xbc Core/Src/stm32f1xx_hal_msp.o
                0x0000000008000b74                HAL_ADC_MspInit
 .text.HAL_I2C_MspInit
                0x0000000008000c30       0x64 Core/Src/stm32f1xx_hal_msp.o
                0x0000000008000c30                HAL_I2C_MspInit
 .text.HAL_SPI_MspInit
                0x0000000008000c94       0x78 Core/Src/stm32f1xx_hal_msp.o
                0x0000000008000c94                HAL_SPI_MspInit
 .text.HAL_TIM_Base_MspInit
                0x0000000008000d0c       0x28 Core/Src/stm32f1xx_hal_msp.o
                0x0000000008000d0c                HAL_TIM_Base_MspInit
 .text.HAL_UART_MspInit
                0x0000000008000d34       0x74 Core/Src/stm32f1xx_hal_msp.o
                0x0000000008000d34                HAL_UART_MspInit
 .text.NMI_Handler
                0x0000000008000da8        0x2 Core/Src/stm32f1xx_it.o
                0x0000000008000da8                NMI_Handler
 .text.HardFault_Handler
                0x0000000008000daa        0x2 Core/Src/stm32f1xx_it.o
                0x0000000008000daa                HardFault_Handler
 .text.MemManage_Handler
                0x0000000008000dac        0x2 Core/Src/stm32f1xx_it.o
                0x0000000008000dac                MemManage_Handler
 .text.BusFault_Handler
                0x0000000008000dae        0x2 Core/Src/stm32f1xx_it.o
                0x0000000008000dae                BusFault_Handler
 .text.UsageFault_Handler
                0x0000000008000db0        0x2 Core/Src/stm32f1xx_it.o
                0x0000000008000db0                UsageFault_Handler
 .text.SVC_Handler
                0x0000000008000db2        0x2 Core/Src/stm32f1xx_it.o
                0x0000000008000db2                SVC_Handler
 .text.DebugMon_Handler
                0x0000000008000db4        0x2 Core/Src/stm32f1xx_it.o
                0x0000000008000db4                DebugMon_Handler
 .text.PendSV_Handler
                0x0000000008000db6        0x2 Core/Src/stm32f1xx_it.o
                0x0000000008000db6                PendSV_Handler
 .text.SysTick_Handler
                0x0000000008000db8        0x4 Core/Src/stm32f1xx_it.o
                0x0000000008000db8                SysTick_Handler
 .text.DMA1_Channel1_IRQHandler
                0x0000000008000dbc        0xc Core/Src/stm32f1xx_it.o
                0x0000000008000dbc                DMA1_Channel1_IRQHandler
 .text.USB_LP_CAN1_RX0_IRQHandler
                0x0000000008000dc8        0xc Core/Src/stm32f1xx_it.o
                0x0000000008000dc8                USB_LP_CAN1_RX0_IRQHandler
 .text.SystemInit
                0x0000000008000dd4        0x2 Core/Src/system_stm32f1xx.o
                0x0000000008000dd4                SystemInit
 *fill*         0x0000000008000dd6        0x2 
 .text.Reset_Handler
                0x0000000008000dd8       0x48 Core/Startup/startup_stm32f103c8tx.o
                0x0000000008000dd8                Reset_Handler
 .text.Default_Handler
                0x0000000008000e20        0x2 Core/Startup/startup_stm32f103c8tx.o
                0x0000000008000e20                RTC_Alarm_IRQHandler
                0x0000000008000e20                EXTI2_IRQHandler
                0x0000000008000e20                TIM1_CC_IRQHandler
                0x0000000008000e20                PVD_IRQHandler
                0x0000000008000e20                EXTI3_IRQHandler
                0x0000000008000e20                EXTI0_IRQHandler
                0x0000000008000e20                I2C2_EV_IRQHandler
                0x0000000008000e20                ADC1_2_IRQHandler
                0x0000000008000e20                SPI1_IRQHandler
                0x0000000008000e20                TAMPER_IRQHandler
                0x0000000008000e20                DMA1_Channel4_IRQHandler
                0x0000000008000e20                USART3_IRQHandler
                0x0000000008000e20                RTC_IRQHandler
                0x0000000008000e20                DMA1_Channel7_IRQHandler
                0x0000000008000e20                CAN1_RX1_IRQHandler
                0x0000000008000e20                TIM4_IRQHandler
                0x0000000008000e20                I2C1_EV_IRQHandler
                0x0000000008000e20                DMA1_Channel6_IRQHandler
                0x0000000008000e20                TIM3_IRQHandler
                0x0000000008000e20                RCC_IRQHandler
                0x0000000008000e20                TIM1_TRG_COM_IRQHandler
                0x0000000008000e20                Default_Handler
                0x0000000008000e20                EXTI15_10_IRQHandler
                0x0000000008000e20                EXTI9_5_IRQHandler
                0x0000000008000e20                SPI2_IRQHandler
                0x0000000008000e20                DMA1_Channel5_IRQHandler
                0x0000000008000e20                EXTI4_IRQHandler
                0x0000000008000e20                USB_HP_CAN1_TX_IRQHandler
                0x0000000008000e20                DMA1_Channel3_IRQHandler
                0x0000000008000e20                TIM1_UP_IRQHandler
                0x0000000008000e20                WWDG_IRQHandler
                0x0000000008000e20                TIM2_IRQHandler
                0x0000000008000e20                TIM1_BRK_IRQHandler
                0x0000000008000e20                EXTI1_IRQHandler
                0x0000000008000e20                USART2_IRQHandler
                0x0000000008000e20                I2C2_ER_IRQHandler
                0x0000000008000e20                DMA1_Channel2_IRQHandler
                0x0000000008000e20                CAN1_SCE_IRQHandler
                0x0000000008000e20                FLASH_IRQHandler
                0x0000000008000e20                USART1_IRQHandler
                0x0000000008000e20                I2C1_ER_IRQHandler
                0x0000000008000e20                USBWakeUp_IRQHandler
 *fill*         0x0000000008000e22        0x2 
 .text.HAL_InitTick
                0x0000000008000e24       0x48 Drivers/STM32F1xx_HAL_Driver/Src/stm32f1xx_hal.o
                0x0000000008000e24                HAL_InitTick
 .text.HAL_Init
                0x0000000008000e6c       0x24 Drivers/STM32F1xx_HAL_Driver/Src/stm32f1xx_hal.o
                0x0000000008000e6c                HAL_Init
 .text.HAL_IncTick
                0x0000000008000e90       0x18 Drivers/STM32F1xx_HAL_Driver/Src/stm32f1xx_hal.o
                0x0000000008000e90                HAL_IncTick
 .text.HAL_GetTick
                0x0000000008000ea8        0xc Drivers/STM32F1xx_HAL_Driver/Src/stm32f1xx_hal.o
                0x0000000008000ea8                HAL_GetTick
 .text.HAL_Delay
                0x0000000008000eb4       0x24 Drivers/STM32F1xx_HAL_Driver/Src/stm32f1xx_hal.o
                0x0000000008000eb4                HAL_Delay
 .text.HAL_ADC_ConvCpltCallback
                0x0000000008000ed8        0x2 Drivers/STM32F1xx_HAL_Driver/Src/stm32f1xx_hal_adc.o
                0x0000000008000ed8                HAL_ADC_ConvCpltCallback
 .text.ADC_DMAConvCplt
                0x0000000008000eda       0x4e Drivers/STM32F1xx_HAL_Driver/Src/stm32f1xx_hal_adc.o
                0x0000000008000eda                ADC_DMAConvCplt
 .text.HAL_ADC_ConvHalfCpltCallback
                0x0000000008000f28        0x2 Drivers/STM32F1xx_HAL_Driver/Src/stm32f1xx_hal_adc.o
                0x0000000008000f28                HAL_ADC_ConvHalfCpltCallback
 .text.ADC_DMAHalfConvCplt
                0x0000000008000f2a        0xa Drivers/STM32F1xx_HAL_Driver/Src/stm32f1xx_hal_adc.o
                0x0000000008000f2a                ADC_DMAHalfConvCplt
 .text.HAL_ADC_ErrorCallback
                0x0000000008000f34        0x2 Drivers/STM32F1xx_HAL_Driver/Src/stm32f1xx_hal_adc.o
                0x0000000008000f34                HAL_ADC_ErrorCallback
 .text.ADC_DMAError
                0x0000000008000f36       0x1a Drivers/STM32F1xx_HAL_Driver/Src/stm32f1xx_hal_adc.o
                0x0000000008000f36                ADC_DMAError
 .text.HAL_ADC_ConfigChannel
                0x0000000008000f50       0xfc Drivers/STM32F1xx_HAL_Driver/Src/stm32f1xx_hal_adc.o
                0x0000000008000f50                HAL_ADC_ConfigChannel
 .text.ADC_Enable
                0x000000000800104c       0x78 Drivers/STM32F1xx_HAL_Driver/Src/stm32f1xx_hal_adc.o
                0x000000000800104c                ADC_Enable
 .text.HAL_ADC_Start_DMA
                0x00000000080010c4      0x11c Drivers/STM32F1xx_HAL_Driver/Src/stm32f1xx_hal_adc.o
                0x00000000080010c4                HAL_ADC_Start_DMA
 .text.ADC_ConversionStop_Disable
                0x00000000080011e0       0x4c Drivers/STM32F1xx_HAL_Driver/Src/stm32f1xx_hal_adc.o
                0x00000000080011e0                ADC_ConversionStop_Disable
 .text.HAL_ADC_Init
                0x000000000800122c       0xfc Drivers/STM32F1xx_HAL_Driver/Src/stm32f1xx_hal_adc.o
                0x000000000800122c                HAL_ADC_Init
 .text.HAL_ADCEx_Calibration_Start
                0x0000000008001328       0xe0 Drivers/STM32F1xx_HAL_Driver/Src/stm32f1xx_hal_adc_ex.o
                0x0000000008001328                HAL_ADCEx_Calibration_Start
 .text.HAL_NVIC_SetPriorityGrouping
                0x0000000008001408       0x24 Drivers/STM32F1xx_HAL_Driver/Src/stm32f1xx_hal_cortex.o
                0x0000000008001408                HAL_NVIC_SetPriorityGrouping
 .text.HAL_NVIC_SetPriority
                0x000000000800142c       0x64 Drivers/STM32F1xx_HAL_Driver/Src/stm32f1xx_hal_cortex.o
                0x000000000800142c                HAL_NVIC_SetPriority
 .text.HAL_NVIC_EnableIRQ
                0x0000000008001490       0x1c Drivers/STM32F1xx_HAL_Driver/Src/stm32f1xx_hal_cortex.o
                0x0000000008001490                HAL_NVIC_EnableIRQ
 .text.HAL_SYSTICK_Config
                0x00000000080014ac       0x2c Drivers/STM32F1xx_HAL_Driver/Src/stm32f1xx_hal_cortex.o
                0x00000000080014ac                HAL_SYSTICK_Config
 .text.HAL_DMA_Init
                0x00000000080014d8       0x5c Drivers/STM32F1xx_HAL_Driver/Src/stm32f1xx_hal_dma.o
                0x00000000080014d8                HAL_DMA_Init
 .text.HAL_DMA_Start_IT
                0x0000000008001534       0x78 Drivers/STM32F1xx_HAL_Driver/Src/stm32f1xx_hal_dma.o
                0x0000000008001534                HAL_DMA_Start_IT
 .text.HAL_DMA_IRQHandler
                0x00000000080015ac      0x124 Drivers/STM32F1xx_HAL_Driver/Src/stm32f1xx_hal_dma.o
                0x00000000080015ac                HAL_DMA_IRQHandler
 .text.HAL_GPIO_Init
                0x00000000080016d0      0x1b8 Drivers/STM32F1xx_HAL_Driver/Src/stm32f1xx_hal_gpio.o
                0x00000000080016d0                HAL_GPIO_Init
 .text.HAL_GPIO_WritePin
                0x0000000008001888        0xa Drivers/STM32F1xx_HAL_Driver/Src/stm32f1xx_hal_gpio.o
                0x0000000008001888                HAL_GPIO_WritePin
 .text.I2C_IsAcknowledgeFailed
                0x0000000008001892       0x32 Drivers/STM32F1xx_HAL_Driver/Src/stm32f1xx_hal_i2c.o
 .text.I2C_WaitOnMasterAddressFlagUntilTimeout
                0x00000000080018c4       0x76 Drivers/STM32F1xx_HAL_Driver/Src/stm32f1xx_hal_i2c.o
 .text.I2C_WaitOnBTFFlagUntilTimeout
                0x000000000800193a       0x4c Drivers/STM32F1xx_HAL_Driver/Src/stm32f1xx_hal_i2c.o
 .text.I2C_WaitOnFlagUntilTimeout
                0x0000000008001986       0x64 Drivers/STM32F1xx_HAL_Driver/Src/stm32f1xx_hal_i2c.o
 .text.I2C_WaitOnTXEFlagUntilTimeout
                0x00000000080019ea       0x4c Drivers/STM32F1xx_HAL_Driver/Src/stm32f1xx_hal_i2c.o
 *fill*         0x0000000008001a36        0x2 
 .text.I2C_RequestMemoryWrite
                0x0000000008001a38       0xb0 Drivers/STM32F1xx_HAL_Driver/Src/stm32f1xx_hal_i2c.o
 .text.HAL_I2C_Init
                0x0000000008001ae8      0x150 Drivers/STM32F1xx_HAL_Driver/Src/stm32f1xx_hal_i2c.o
                0x0000000008001ae8                HAL_I2C_Init
 .text.HAL_I2C_Mem_Write
                0x0000000008001c38      0x120 Drivers/STM32F1xx_HAL_Driver/Src/stm32f1xx_hal_i2c.o
                0x0000000008001c38                HAL_I2C_Mem_Write
 .text.HAL_PCD_Init
                0x0000000008001d58       0xf2 Drivers/STM32F1xx_HAL_Driver/Src/stm32f1xx_hal_pcd.o
                0x0000000008001d58                HAL_PCD_Init
 .text.HAL_PCD_Start
                0x0000000008001e4a       0x32 Drivers/STM32F1xx_HAL_Driver/Src/stm32f1xx_hal_pcd.o
                0x0000000008001e4a                HAL_PCD_Start
 .text.HAL_PCD_SetAddress
                0x0000000008001e7c       0x28 Drivers/STM32F1xx_HAL_Driver/Src/stm32f1xx_hal_pcd.o
                0x0000000008001e7c                HAL_PCD_SetAddress
 .text.HAL_PCD_IRQHandler
                0x0000000008001ea4      0x9a8 Drivers/STM32F1xx_HAL_Driver/Src/stm32f1xx_hal_pcd.o
                0x0000000008001ea4                HAL_PCD_IRQHandler
 .text.HAL_PCD_EP_Open
                0x000000000800284c       0x64 Drivers/STM32F1xx_HAL_Driver/Src/stm32f1xx_hal_pcd.o
                0x000000000800284c                HAL_PCD_EP_Open
 .text.HAL_PCD_EP_Close
                0x00000000080028b0       0x52 Drivers/STM32F1xx_HAL_Driver/Src/stm32f1xx_hal_pcd.o
                0x00000000080028b0                HAL_PCD_EP_Close
 .text.HAL_PCD_EP_Receive
                0x0000000008002902       0x2e Drivers/STM32F1xx_HAL_Driver/Src/stm32f1xx_hal_pcd.o
                0x0000000008002902                HAL_PCD_EP_Receive
 .text.HAL_PCD_EP_GetRxCount
                0x0000000008002930       0x10 Drivers/STM32F1xx_HAL_Driver/Src/stm32f1xx_hal_pcd.o
                0x0000000008002930                HAL_PCD_EP_GetRxCount
 .text.HAL_PCD_EP_Transmit
                0x0000000008002940       0x34 Drivers/STM32F1xx_HAL_Driver/Src/stm32f1xx_hal_pcd.o
                0x0000000008002940                HAL_PCD_EP_Transmit
 .text.HAL_PCD_EP_SetStall
                0x0000000008002974       0x68 Drivers/STM32F1xx_HAL_Driver/Src/stm32f1xx_hal_pcd.o
                0x0000000008002974                HAL_PCD_EP_SetStall
 .text.HAL_PCD_EP_ClrStall
                0x00000000080029dc       0x64 Drivers/STM32F1xx_HAL_Driver/Src/stm32f1xx_hal_pcd.o
                0x00000000080029dc                HAL_PCD_EP_ClrStall
 .text.HAL_PCDEx_PMAConfig
                0x0000000008002a40       0x32 Drivers/STM32F1xx_HAL_Driver/Src/stm32f1xx_hal_pcd_ex.o
                0x0000000008002a40                HAL_PCDEx_PMAConfig
 *fill*         0x0000000008002a72        0x2 
 .text.HAL_RCC_OscConfig
                0x0000000008002a74      0x338 Drivers/STM32F1xx_HAL_Driver/Src/stm32f1xx_hal_rcc.o
                0x0000000008002a74                HAL_RCC_OscConfig
 .text.HAL_RCC_GetSysClockFreq
                0x0000000008002dac       0x74 Drivers/STM32F1xx_HAL_Driver/Src/stm32f1xx_hal_rcc.o
                0x0000000008002dac                HAL_RCC_GetSysClockFreq
 .text.HAL_RCC_ClockConfig
                0x0000000008002e20      0x138 Drivers/STM32F1xx_HAL_Driver/Src/stm32f1xx_hal_rcc.o
                0x0000000008002e20                HAL_RCC_ClockConfig
 .text.HAL_RCC_GetPCLK1Freq
                0x0000000008002f58       0x20 Drivers/STM32F1xx_HAL_Driver/Src/stm32f1xx_hal_rcc.o
                0x0000000008002f58                HAL_RCC_GetPCLK1Freq
 .text.HAL_RCC_GetPCLK2Freq
                0x0000000008002f78       0x20 Drivers/STM32F1xx_HAL_Driver/Src/stm32f1xx_hal_rcc.o
                0x0000000008002f78                HAL_RCC_GetPCLK2Freq
 .text.HAL_RCCEx_PeriphCLKConfig
                0x0000000008002f98       0xf0 Drivers/STM32F1xx_HAL_Driver/Src/stm32f1xx_hal_rcc_ex.o
                0x0000000008002f98                HAL_RCCEx_PeriphCLKConfig
 .text.HAL_RCCEx_GetPeriphCLKFreq
                0x0000000008003088       0xe8 Drivers/STM32F1xx_HAL_Driver/Src/stm32f1xx_hal_rcc_ex.o
                0x0000000008003088                HAL_RCCEx_GetPeriphCLKFreq
 .text.HAL_SPI_Init
                0x0000000008003170       0xb0 Drivers/STM32F1xx_HAL_Driver/Src/stm32f1xx_hal_spi.o
                0x0000000008003170                HAL_SPI_Init
 .text.TIM_Base_SetConfig
                0x0000000008003220       0x70 Drivers/STM32F1xx_HAL_Driver/Src/stm32f1xx_hal_tim.o
                0x0000000008003220                TIM_Base_SetConfig
 .text.HAL_TIM_Base_Init
                0x0000000008003290       0x58 Drivers/STM32F1xx_HAL_Driver/Src/stm32f1xx_hal_tim.o
                0x0000000008003290                HAL_TIM_Base_Init
 .text.TIM_ETR_SetConfig
                0x00000000080032e8       0x14 Drivers/STM32F1xx_HAL_Driver/Src/stm32f1xx_hal_tim.o
                0x00000000080032e8                TIM_ETR_SetConfig
 .text.HAL_TIM_ConfigClockSource
                0x00000000080032fc      0x128 Drivers/STM32F1xx_HAL_Driver/Src/stm32f1xx_hal_tim.o
                0x00000000080032fc                HAL_TIM_ConfigClockSource
 .text.HAL_TIMEx_MasterConfigSynchronization
                0x0000000008003424       0x5c Drivers/STM32F1xx_HAL_Driver/Src/stm32f1xx_hal_tim_ex.o
                0x0000000008003424                HAL_TIMEx_MasterConfigSynchronization
 .text.UART_SetConfig
                0x0000000008003480       0x74 Drivers/STM32F1xx_HAL_Driver/Src/stm32f1xx_hal_uart.o
 .text.HAL_UART_Init
                0x00000000080034f4       0x5c Drivers/STM32F1xx_HAL_Driver/Src/stm32f1xx_hal_uart.o
                0x00000000080034f4                HAL_UART_Init
 .text.USB_CoreInit
                0x0000000008003550        0xe Drivers/STM32F1xx_HAL_Driver/Src/stm32f1xx_ll_usb.o
                0x0000000008003550                USB_CoreInit
 .text.USB_EnableGlobalInt
                0x000000000800355e       0x12 Drivers/STM32F1xx_HAL_Driver/Src/stm32f1xx_ll_usb.o
                0x000000000800355e                USB_EnableGlobalInt
 .text.USB_DisableGlobalInt
                0x0000000008003570       0x14 Drivers/STM32F1xx_HAL_Driver/Src/stm32f1xx_ll_usb.o
                0x0000000008003570                USB_DisableGlobalInt
 .text.USB_SetCurrentMode
                0x0000000008003584        0x4 Drivers/STM32F1xx_HAL_Driver/Src/stm32f1xx_ll_usb.o
                0x0000000008003584                USB_SetCurrentMode
 .text.USB_DevInit
                0x0000000008003588       0x28 Drivers/STM32F1xx_HAL_Driver/Src/stm32f1xx_ll_usb.o
                0x0000000008003588                USB_DevInit
 .text.USB_ActivateEndpoint
                0x00000000080035b0      0x2b0 Drivers/STM32F1xx_HAL_Driver/Src/stm32f1xx_ll_usb.o
                0x00000000080035b0                USB_ActivateEndpoint
 .text.USB_DeactivateEndpoint
                0x0000000008003860      0x1be Drivers/STM32F1xx_HAL_Driver/Src/stm32f1xx_ll_usb.o
                0x0000000008003860                USB_DeactivateEndpoint
 .text.USB_EPSetStall
                0x0000000008003a1e       0x40 Drivers/STM32F1xx_HAL_Driver/Src/stm32f1xx_ll_usb.o
                0x0000000008003a1e                USB_EPSetStall
 .text.USB_EPClearStall
                0x0000000008003a5e       0x96 Drivers/STM32F1xx_HAL_Driver/Src/stm32f1xx_ll_usb.o
                0x0000000008003a5e                USB_EPClearStall
 .text.USB_SetDevAddress
                0x0000000008003af4        0xc Drivers/STM32F1xx_HAL_Driver/Src/stm32f1xx_ll_usb.o
                0x0000000008003af4                USB_SetDevAddress
 .text.USB_DevConnect
                0x0000000008003b00        0x4 Drivers/STM32F1xx_HAL_Driver/Src/stm32f1xx_ll_usb.o
                0x0000000008003b00                USB_DevConnect
 .text.USB_DevDisconnect
                0x0000000008003b04        0x4 Drivers/STM32F1xx_HAL_Driver/Src/stm32f1xx_ll_usb.o
                0x0000000008003b04                USB_DevDisconnect
 .text.USB_ReadInterrupts
                0x0000000008003b08        0x8 Drivers/STM32F1xx_HAL_Driver/Src/stm32f1xx_ll_usb.o
                0x0000000008003b08                USB_ReadInterrupts
 .text.USB_EP0_OutStart
                0x0000000008003b10        0x4 Drivers/STM32F1xx_HAL_Driver/Src/stm32f1xx_ll_usb.o
                0x0000000008003b10                USB_EP0_OutStart
 .text.USB_WritePMA
                0x0000000008003b14       0x20 Drivers/STM32F1xx_HAL_Driver/Src/stm32f1xx_ll_usb.o
                0x0000000008003b14                USB_WritePMA
 .text.USB_EPStartXfer
                0x0000000008003b34      0x71c Drivers/STM32F1xx_HAL_Driver/Src/stm32f1xx_ll_usb.o
                0x0000000008003b34                USB_EPStartXfer
 .text.USB_ReadPMA
                0x0000000008004250       0x38 Drivers/STM32F1xx_HAL_Driver/Src/stm32f1xx_ll_usb.o
                0x0000000008004250                USB_ReadPMA
 .text.USBD_Init
                0x0000000008004288       0x2a Middlewares/ST/STM32_USB_Device_Library/Core/Src/usbd_core.o
                0x0000000008004288                USBD_Init
 .text.USBD_RegisterClass
                0x00000000080042b2        0xe Middlewares/ST/STM32_USB_Device_Library/Core/Src/usbd_core.o
                0x00000000080042b2                USBD_RegisterClass
 .text.USBD_Start
                0x00000000080042c0        0xa Middlewares/ST/STM32_USB_Device_Library/Core/Src/usbd_core.o
                0x00000000080042c0                USBD_Start
 .text.USBD_SetClassConfig
                0x00000000080042ca       0x16 Middlewares/ST/STM32_USB_Device_Library/Core/Src/usbd_core.o
                0x00000000080042ca                USBD_SetClassConfig
 .text.USBD_ClrClassConfig
                0x00000000080042e0        0xe Middlewares/ST/STM32_USB_Device_Library/Core/Src/usbd_core.o
                0x00000000080042e0                USBD_ClrClassConfig
 .text.USBD_LL_SetupStage
                0x00000000080042ee       0x5a Middlewares/ST/STM32_USB_Device_Library/Core/Src/usbd_core.o
                0x00000000080042ee                USBD_LL_SetupStage
 .text.USBD_LL_DataOutStage
                0x0000000008004348       0x74 Middlewares/ST/STM32_USB_Device_Library/Core/Src/usbd_core.o
                0x0000000008004348                USBD_LL_DataOutStage
 .text.USBD_LL_DataInStage
                0x00000000080043bc       0xb6 Middlewares/ST/STM32_USB_Device_Library/Core/Src/usbd_core.o
                0x00000000080043bc                USBD_LL_DataInStage
 .text.USBD_LL_Reset
                0x0000000008004472       0x4e Middlewares/ST/STM32_USB_Device_Library/Core/Src/usbd_core.o
                0x0000000008004472                USBD_LL_Reset
 .text.USBD_LL_SetSpeed
                0x00000000080044c0        0x6 Middlewares/ST/STM32_USB_Device_Library/Core/Src/usbd_core.o
                0x00000000080044c0                USBD_LL_SetSpeed
 .text.USBD_LL_Suspend
                0x00000000080044c6       0x12 Middlewares/ST/STM32_USB_Device_Library/Core/Src/usbd_core.o
                0x00000000080044c6                USBD_LL_Suspend
 .text.USBD_LL_Resume
                0x00000000080044d8       0x14 Middlewares/ST/STM32_USB_Device_Library/Core/Src/usbd_core.o
                0x00000000080044d8                USBD_LL_Resume
 .text.USBD_LL_SOF
                0x00000000080044ec       0x18 Middlewares/ST/STM32_USB_Device_Library/Core/Src/usbd_core.o
                0x00000000080044ec                USBD_LL_SOF
 .text.USBD_CtlError.constprop.0
                0x0000000008004504       0x16 Middlewares/ST/STM32_USB_Device_Library/Core/Src/usbd_ctlreq.o
 *fill*         0x000000000800451a        0x2 
 .text.USBD_StdDevReq
                0x000000000800451c      0x254 Middlewares/ST/STM32_USB_Device_Library/Core/Src/usbd_ctlreq.o
                0x000000000800451c                USBD_StdDevReq
 .text.USBD_StdItfReq
                0x0000000008004770       0x48 Middlewares/ST/STM32_USB_Device_Library/Core/Src/usbd_ctlreq.o
                0x0000000008004770                USBD_StdItfReq
 .text.USBD_StdEPReq
                0x00000000080047b8      0x114 Middlewares/ST/STM32_USB_Device_Library/Core/Src/usbd_ctlreq.o
                0x00000000080047b8                USBD_StdEPReq
 .text.USBD_ParseSetupRequest
                0x00000000080048cc       0x28 Middlewares/ST/STM32_USB_Device_Library/Core/Src/usbd_ctlreq.o
                0x00000000080048cc                USBD_ParseSetupRequest
 .text.USBD_GetString
                0x00000000080048f4       0x38 Middlewares/ST/STM32_USB_Device_Library/Core/Src/usbd_ctlreq.o
                0x00000000080048f4                USBD_GetString
 .text.USBD_CtlSendData
                0x000000000800492c       0x1a Middlewares/ST/STM32_USB_Device_Library/Core/Src/usbd_ioreq.o
                0x000000000800492c                USBD_CtlSendData
 .text.USBD_CtlContinueSendData
                0x0000000008004946       0x10 Middlewares/ST/STM32_USB_Device_Library/Core/Src/usbd_ioreq.o
                0x0000000008004946                USBD_CtlContinueSendData
 .text.USBD_CtlContinueRx
                0x0000000008004956       0x10 Middlewares/ST/STM32_USB_Device_Library/Core/Src/usbd_ioreq.o
                0x0000000008004956                USBD_CtlContinueRx
 .text.USBD_CtlSendStatus
                0x0000000008004966       0x16 Middlewares/ST/STM32_USB_Device_Library/Core/Src/usbd_ioreq.o
                0x0000000008004966                USBD_CtlSendStatus
 .text.USBD_CtlReceiveStatus
                0x000000000800497c       0x16 Middlewares/ST/STM32_USB_Device_Library/Core/Src/usbd_ioreq.o
                0x000000000800497c                USBD_CtlReceiveStatus
 *fill*         0x0000000008004992        0x2 
 .text.halt     0x0000000008004994       0x50 Source/HelperLib.o
                0x0000000008004994                halt
 .text.pause    0x00000000080049e4       0x1e Source/HelperLib.o
                0x00000000080049e4                pause
 *fill*         0x0000000008004a02        0x2 
 .text.Adc1Copy
                0x0000000008004a04       0x28 Source/HelperLib.o
                0x0000000008004a04                Adc1Copy
 .text.AdcSort  0x0000000008004a2c       0x30 Source/HelperLib.o
                0x0000000008004a2c                AdcSort
 .text.AdcFilter
                0x0000000008004a5c       0xbc Source/HelperLib.o
                0x0000000008004a5c                AdcFilter
 .text.ScanKnobs
                0x0000000008004b18       0x94 Source/HelperLib.o
                0x0000000008004b18                ScanKnobs
 .text.ScanPotsShadowProc
                0x0000000008004bac       0x60 Source/HelperLib.o
                0x0000000008004bac                ScanPotsShadowProc
 .text.ScanPotsShadow
                0x0000000008004c0c       0x28 Source/HelperLib.o
                0x0000000008004c0c                ScanPotsShadow
 .text.TriggersResetAll
                0x0000000008004c34       0x20 Source/HelperLib.o
                0x0000000008004c34                TriggersResetAll
 .text.PotsInit
                0x0000000008004c54       0x30 Source/HelperLib.o
                0x0000000008004c54                PotsInit
 .text.Key      0x0000000008004c84       0xb8 Source/HelperLib.o
                0x0000000008004c84                Key
 .text.LDIR     0x0000000008004d3c       0x12 Source/HelperLib.o
                0x0000000008004d3c                LDIR
 .text.LDIRc    0x0000000008004d4e        0x4 Source/HelperLib.o
                0x0000000008004d4e                LDIRc
 *fill*         0x0000000008004d52        0x2 
 .text.PresetSaveToRam
                0x0000000008004d54       0x30 Source/ProjectMain.o
                0x0000000008004d54                PresetSaveToRam
 .text.UsbReceivedMidiCC
                0x0000000008004d84       0x68 Source/ProjectMain.o
                0x0000000008004d84                UsbReceivedMidiCC
 .text.UsbReceivedMidiPC
                0x0000000008004dec       0x48 Source/ProjectMain.o
                0x0000000008004dec                UsbReceivedMidiPC
 .text.display  0x0000000008004e34      0x10c Source/ProjectMain.o
                0x0000000008004e34                display
 .text.sendToDigitalPots
                0x0000000008004f40       0x84 Source/ProjectMain.o
                0x0000000008004f40                sendToDigitalPots
 .text.PresetLoadFromRam
                0x0000000008004fc4       0x40 Source/ProjectMain.o
                0x0000000008004fc4                PresetLoadFromRam
 .text.ProjectMain
                0x0000000008005004      0x1cc Source/ProjectMain.o
                0x0000000008005004                ProjectMain
 .text.debugAdc
                0x00000000080051d0       0x48 Source/debug.o
                0x00000000080051d0                debugAdc
 .text.debugState
                0x0000000008005218       0x2c Source/debug.o
                0x0000000008005218                debugState
 .text.flash_unlock
                0x0000000008005244       0x18 Source/jr_flash_103.o
                0x0000000008005244                flash_unlock
 .text.flash_lock
                0x000000000800525c       0x10 Source/jr_flash_103.o
                0x000000000800525c                flash_lock
 .text.flash_erase
                0x000000000800526c       0x40 Source/jr_flash_103.o
                0x000000000800526c                flash_erase
 .text.jrflash_write_u32
                0x00000000080052ac       0x4c Source/jr_flash_103.o
                0x00000000080052ac                jrflash_write_u32
 .text.FlashSave
                0x00000000080052f8       0x7c Source/jr_flash_103.o
                0x00000000080052f8                FlashSave
 .text.FlashLoad
                0x0000000008005374       0x34 Source/jr_flash_103.o
                0x0000000008005374                FlashLoad
 .text.USART_PUTC
                0x00000000080053a8       0x10 Source/jr_usart_103_hal.o
                0x00000000080053a8                USART_PUTC
 .text.USART_PRINTLN
                0x00000000080053b8       0x12 Source/jr_usart_103_hal.o
                0x00000000080053b8                USART_PRINTLN
 *fill*         0x00000000080053ca        0x2 
 .text.USART_CLS
                0x00000000080053cc       0x1c Source/jr_usart_103_hal.o
                0x00000000080053cc                USART_CLS
 .text.dec_u32  0x00000000080053e8       0x2c Source/jr_usart_103_hal.o
                0x00000000080053e8                dec_u32
 .text.debug    0x0000000008005414       0x18 Source/jr_usart_103_hal.o
                0x0000000008005414                debug
 .text.USART_init
                0x000000000800542c       0x34 Source/jr_usart_103_hal.o
                0x000000000800542c                USART_init
 .text.debug2   0x0000000008005460       0x24 Source/jr_usart_103_hal.o
                0x0000000008005460                debug2
 .text.crlf     0x0000000008005484        0xc Source/jr_usart_103_hal.o
                0x0000000008005484                crlf
 .text.echo_u33
                0x0000000008005490       0x16 Source/jr_usart_103_hal.o
                0x0000000008005490                echo_u33
 *fill*         0x00000000080054a6        0x2 
 .text.ssd1306_WriteCommand
                0x00000000080054a8       0x2c Source/ssd1306.o
                0x00000000080054a8                ssd1306_WriteCommand
 .text.ssd1306_WriteData
                0x00000000080054d4       0x24 Source/ssd1306.o
                0x00000000080054d4                ssd1306_WriteData
 .text.ssd1306_Fill
                0x00000000080054f8       0x20 Source/ssd1306.o
                0x00000000080054f8                ssd1306_Fill
 .text.ssd1306_UpdateScreen
                0x0000000008005518       0x34 Source/ssd1306.o
                0x0000000008005518                ssd1306_UpdateScreen
 .text.ssd1306_DrawPixel
                0x000000000800554c       0x30 Source/ssd1306.o
                0x000000000800554c                ssd1306_DrawPixel
 .text.ssd1306_WriteChar
                0x000000000800557c       0xa4 Source/ssd1306.o
                0x000000000800557c                ssd1306_WriteChar
 .text.ssd1306_WriteString
                0x0000000008005620       0x28 Source/ssd1306.o
                0x0000000008005620                ssd1306_WriteString
 .text.ssd1306_SetCursor
                0x0000000008005648        0xc Source/ssd1306.o
                0x0000000008005648                ssd1306_SetCursor
 .text.ssd1306_Line
                0x0000000008005654       0x8c Source/ssd1306.o
                0x0000000008005654                ssd1306_Line
 .text.ssd1306_SetContrast
                0x00000000080056e0       0x14 Source/ssd1306.o
                0x00000000080056e0                ssd1306_SetContrast
 .text.ssd1306_SetDisplayOn
                0x00000000080056f4       0x20 Source/ssd1306.o
                0x00000000080056f4                ssd1306_SetDisplayOn
 .text.ssd1306_Init
                0x0000000008005714       0xc8 Source/ssd1306.o
                0x0000000008005714                ssd1306_Init
 .text.MX_USB_DEVICE_Init
                0x00000000080057dc       0x38 Source/usb_device.o
                0x00000000080057dc                MX_USB_DEVICE_Init
 .text.USBD_MIDI_GetCfgDesc
                0x0000000008005814        0xc Source/usbd_midi.o
 .text.USBD_MIDI_DataOut
                0x0000000008005820       0x2c Source/usbd_midi.o
 .text.USBD_MIDI_DeInit
                0x000000000800584c       0x20 Source/usbd_midi.o
 .text.USBD_MIDI_Init
                0x000000000800586c       0x38 Source/usbd_midi.o
 .text.set_flag_DataIn
                0x00000000080058a4       0x10 Source/usbd_midi.o
                0x00000000080058a4                set_flag_DataIn
 .text.USBD_MIDI_DataIn
                0x00000000080058b4        0xa Source/usbd_midi.o
 .text.USBD_MIDI_RegisterInterface
                0x00000000080058be        0xe Source/usbd_midi.o
                0x00000000080058be                USBD_MIDI_RegisterInterface
 .text.MIDI_DataRx
                0x00000000080058cc      0x124 Source/usbd_midi_if.o
 .text.USBD_FS_DeviceDescriptor
                0x00000000080059f0        0xc USB_DEVICE/App/usbd_desc.o
                0x00000000080059f0                USBD_FS_DeviceDescriptor
 .text.USBD_FS_LangIDStrDescriptor
                0x00000000080059fc        0xc USB_DEVICE/App/usbd_desc.o
                0x00000000080059fc                USBD_FS_LangIDStrDescriptor
 .text.IntToUnicode
                0x0000000008005a08       0x2a USB_DEVICE/App/usbd_desc.o
 *fill*         0x0000000008005a32        0x2 
 .text.USBD_FS_SerialStrDescriptor
                0x0000000008005a34       0x40 USB_DEVICE/App/usbd_desc.o
                0x0000000008005a34                USBD_FS_SerialStrDescriptor
 .text.USBD_FS_ManufacturerStrDescriptor
                0x0000000008005a74       0x1c USB_DEVICE/App/usbd_desc.o
                0x0000000008005a74                USBD_FS_ManufacturerStrDescriptor
 .text.USBD_FS_ProductStrDescriptor
                0x0000000008005a90       0x1c USB_DEVICE/App/usbd_desc.o
                0x0000000008005a90                USBD_FS_ProductStrDescriptor
 .text.USBD_FS_ConfigStrDescriptor
                0x0000000008005aac       0x1c USB_DEVICE/App/usbd_desc.o
                0x0000000008005aac                USBD_FS_ConfigStrDescriptor
 .text.USBD_FS_InterfaceStrDescriptor
                0x0000000008005ac8       0x1c USB_DEVICE/App/usbd_desc.o
                0x0000000008005ac8                USBD_FS_InterfaceStrDescriptor
 .text.HAL_PCD_MspInit
                0x0000000008005ae4       0x40 USB_DEVICE/Target/usbd_conf.o
                0x0000000008005ae4                HAL_PCD_MspInit
 .text.HAL_PCD_SetupStageCallback
                0x0000000008005b24        0xc USB_DEVICE/Target/usbd_conf.o
                0x0000000008005b24                HAL_PCD_SetupStageCallback
 .text.HAL_PCD_DataOutStageCallback
                0x0000000008005b30       0x12 USB_DEVICE/Target/usbd_conf.o
                0x0000000008005b30                HAL_PCD_DataOutStageCallback
 .text.HAL_PCD_DataInStageCallback
                0x0000000008005b42       0x10 USB_DEVICE/Target/usbd_conf.o
                0x0000000008005b42                HAL_PCD_DataInStageCallback
 .text.HAL_PCD_SOFCallback
                0x0000000008005b52        0x8 USB_DEVICE/Target/usbd_conf.o
                0x0000000008005b52                HAL_PCD_SOFCallback
 .text.HAL_PCD_ResetCallback
                0x0000000008005b5a       0x24 USB_DEVICE/Target/usbd_conf.o
                0x0000000008005b5a                HAL_PCD_ResetCallback
 *fill*         0x0000000008005b7e        0x2 
 .text.HAL_PCD_SuspendCallback
                0x0000000008005b80       0x20 USB_DEVICE/Target/usbd_conf.o
                0x0000000008005b80                HAL_PCD_SuspendCallback
 .text.HAL_PCD_ResumeCallback
                0x0000000008005ba0        0x8 USB_DEVICE/Target/usbd_conf.o
                0x0000000008005ba0                HAL_PCD_ResumeCallback
 .text.USBD_LL_Init
                0x0000000008005ba8       0x84 USB_DEVICE/Target/usbd_conf.o
                0x0000000008005ba8                USBD_LL_Init
 .text.USBD_LL_Start
                0x0000000008005c2c       0x1c USB_DEVICE/Target/usbd_conf.o
                0x0000000008005c2c                USBD_LL_Start
 .text.USBD_LL_OpenEP
                0x0000000008005c48       0x20 USB_DEVICE/Target/usbd_conf.o
                0x0000000008005c48                USBD_LL_OpenEP
 .text.USBD_LL_CloseEP
                0x0000000008005c68       0x1c USB_DEVICE/Target/usbd_conf.o
                0x0000000008005c68                USBD_LL_CloseEP
 .text.USBD_LL_StallEP
                0x0000000008005c84       0x1c USB_DEVICE/Target/usbd_conf.o
                0x0000000008005c84                USBD_LL_StallEP
 .text.USBD_LL_ClearStallEP
                0x0000000008005ca0       0x1c USB_DEVICE/Target/usbd_conf.o
                0x0000000008005ca0                USBD_LL_ClearStallEP
 .text.USBD_LL_IsStallEP
                0x0000000008005cbc       0x24 USB_DEVICE/Target/usbd_conf.o
                0x0000000008005cbc                USBD_LL_IsStallEP
 .text.USBD_LL_SetUSBAddress
                0x0000000008005ce0       0x1c USB_DEVICE/Target/usbd_conf.o
                0x0000000008005ce0                USBD_LL_SetUSBAddress
 .text.USBD_LL_Transmit
                0x0000000008005cfc       0x1c USB_DEVICE/Target/usbd_conf.o
                0x0000000008005cfc                USBD_LL_Transmit
 .text.USBD_LL_PrepareReceive
                0x0000000008005d18       0x1c USB_DEVICE/Target/usbd_conf.o
                0x0000000008005d18                USBD_LL_PrepareReceive
 .text.USBD_LL_GetRxDataSize
                0x0000000008005d34        0x8 USB_DEVICE/Target/usbd_conf.o
                0x0000000008005d34                USBD_LL_GetRxDataSize
 .text.HAL_PCDEx_SetConnectionState
                0x0000000008005d3c        0x2 USB_DEVICE/Target/usbd_conf.o
                0x0000000008005d3c                HAL_PCDEx_SetConnectionState
 *fill*         0x0000000008005d3e        0x2 
 .text.__libc_init_array
                0x0000000008005d40       0x48 c:/st/stm32cubeide_1.6.1/stm32cubeide/plugins/com.st.stm32cube.ide.mcu.externaltools.gnu-tools-for-stm32.9-2020-q2-update.win32_1.5.0.202011040924/tools/bin/../lib/gcc/arm-none-eabi/9.3.1/../../../../arm-none-eabi/lib/thumb/v7-m/nofp\libc.a(lib_a-init.o)
                0x0000000008005d40                __libc_init_array
 .text.memset   0x0000000008005d88       0x10 c:/st/stm32cubeide_1.6.1/stm32cubeide/plugins/com.st.stm32cube.ide.mcu.externaltools.gnu-tools-for-stm32.9-2020-q2-update.win32_1.5.0.202011040924/tools/bin/../lib/gcc/arm-none-eabi/9.3.1/../../../../arm-none-eabi/lib/thumb/v7-m/nofp\libc.a(lib_a-memset.o)
                0x0000000008005d88                memset
 .text.startup.register_fini
                0x0000000008005d98       0x14 c:/st/stm32cubeide_1.6.1/stm32cubeide/plugins/com.st.stm32cube.ide.mcu.externaltools.gnu-tools-for-stm32.9-2020-q2-update.win32_1.5.0.202011040924/tools/bin/../lib/gcc/arm-none-eabi/9.3.1/../../../../arm-none-eabi/lib/thumb/v7-m/nofp\libc.a(lib_a-__call_atexit.o)
 .text.atexit   0x0000000008005dac        0xc c:/st/stm32cubeide_1.6.1/stm32cubeide/plugins/com.st.stm32cube.ide.mcu.externaltools.gnu-tools-for-stm32.9-2020-q2-update.win32_1.5.0.202011040924/tools/bin/../lib/gcc/arm-none-eabi/9.3.1/../../../../arm-none-eabi/lib/thumb/v7-m/nofp\libc.a(lib_a-atexit.o)
                0x0000000008005dac                atexit
 .text.__libc_fini_array
                0x0000000008005db8       0x28 c:/st/stm32cubeide_1.6.1/stm32cubeide/plugins/com.st.stm32cube.ide.mcu.externaltools.gnu-tools-for-stm32.9-2020-q2-update.win32_1.5.0.202011040924/tools/bin/../lib/gcc/arm-none-eabi/9.3.1/../../../../arm-none-eabi/lib/thumb/v7-m/nofp\libc.a(lib_a-fini.o)
                0x0000000008005db8                __libc_fini_array
 .text.__retarget_lock_acquire_recursive
                0x0000000008005de0        0x2 c:/st/stm32cubeide_1.6.1/stm32cubeide/plugins/com.st.stm32cube.ide.mcu.externaltools.gnu-tools-for-stm32.9-2020-q2-update.win32_1.5.0.202011040924/tools/bin/../lib/gcc/arm-none-eabi/9.3.1/../../../../arm-none-eabi/lib/thumb/v7-m/nofp\libc.a(lib_a-lock.o)
                0x0000000008005de0                __retarget_lock_acquire_recursive
 .text.__retarget_lock_release_recursive
                0x0000000008005de2        0x2 c:/st/stm32cubeide_1.6.1/stm32cubeide/plugins/com.st.stm32cube.ide.mcu.externaltools.gnu-tools-for-stm32.9-2020-q2-update.win32_1.5.0.202011040924/tools/bin/../lib/gcc/arm-none-eabi/9.3.1/../../../../arm-none-eabi/lib/thumb/v7-m/nofp\libc.a(lib_a-lock.o)
                0x0000000008005de2                __retarget_lock_release_recursive
 .text.__register_exitproc
                0x0000000008005de4       0x80 c:/st/stm32cubeide_1.6.1/stm32cubeide/plugins/com.st.stm32cube.ide.mcu.externaltools.gnu-tools-for-stm32.9-2020-q2-update.win32_1.5.0.202011040924/tools/bin/../lib/gcc/arm-none-eabi/9.3.1/../../../../arm-none-eabi/lib/thumb/v7-m/nofp\libc.a(lib_a-__atexit.o)
                0x0000000008005de4                __register_exitproc
 *(.glue_7)
 .glue_7        0x0000000008005e64        0x0 linker stubs
 *(.glue_7t)
 .glue_7t       0x0000000008005e64        0x0 linker stubs
 *(.eh_frame)
 .eh_frame      0x0000000008005e64        0x0 c:/st/stm32cubeide_1.6.1/stm32cubeide/plugins/com.st.stm32cube.ide.mcu.externaltools.gnu-tools-for-stm32.9-2020-q2-update.win32_1.5.0.202011040924/tools/bin/../lib/gcc/arm-none-eabi/9.3.1/thumb/v7-m/nofp/crtbegin.o
 *(.init)
 .init          0x0000000008005e64        0x4 c:/st/stm32cubeide_1.6.1/stm32cubeide/plugins/com.st.stm32cube.ide.mcu.externaltools.gnu-tools-for-stm32.9-2020-q2-update.win32_1.5.0.202011040924/tools/bin/../lib/gcc/arm-none-eabi/9.3.1/thumb/v7-m/nofp/crti.o
                0x0000000008005e64                _init
 .init          0x0000000008005e68        0x8 c:/st/stm32cubeide_1.6.1/stm32cubeide/plugins/com.st.stm32cube.ide.mcu.externaltools.gnu-tools-for-stm32.9-2020-q2-update.win32_1.5.0.202011040924/tools/bin/../lib/gcc/arm-none-eabi/9.3.1/thumb/v7-m/nofp/crtn.o
 *(.fini)
 .fini          0x0000000008005e70        0x4 c:/st/stm32cubeide_1.6.1/stm32cubeide/plugins/com.st.stm32cube.ide.mcu.externaltools.gnu-tools-for-stm32.9-2020-q2-update.win32_1.5.0.202011040924/tools/bin/../lib/gcc/arm-none-eabi/9.3.1/thumb/v7-m/nofp/crti.o
                0x0000000008005e70                _fini
 .fini          0x0000000008005e74        0x8 c:/st/stm32cubeide_1.6.1/stm32cubeide/plugins/com.st.stm32cube.ide.mcu.externaltools.gnu-tools-for-stm32.9-2020-q2-update.win32_1.5.0.202011040924/tools/bin/../lib/gcc/arm-none-eabi/9.3.1/thumb/v7-m/nofp/crtn.o
                0x0000000008005e7c                . = ALIGN (0x4)
                0x0000000008005e7c                _etext = .

.vfp11_veneer   0x0000000008005e7c        0x0
 .vfp11_veneer  0x0000000008005e7c        0x0 linker stubs

.v4_bx          0x0000000008005e7c        0x0
 .v4_bx         0x0000000008005e7c        0x0 linker stubs

.iplt           0x0000000008005e7c        0x0
 .iplt          0x0000000008005e7c        0x0 c:/st/stm32cubeide_1.6.1/stm32cubeide/plugins/com.st.stm32cube.ide.mcu.externaltools.gnu-tools-for-stm32.9-2020-q2-update.win32_1.5.0.202011040924/tools/bin/../lib/gcc/arm-none-eabi/9.3.1/thumb/v7-m/nofp/crtbegin.o

.rodata         0x0000000008005e7c     0x1604
                0x0000000008005e7c                . = ALIGN (0x4)
 *(.rodata)
 *(.rodata*)
 .rodata.AHBPrescTable
                0x0000000008005e7c       0x10 Core/Src/system_stm32f1xx.o
                0x0000000008005e7c                AHBPrescTable
 .rodata.APBPrescTable
                0x0000000008005e8c        0x8 Core/Src/system_stm32f1xx.o
                0x0000000008005e8c                APBPrescTable
 .rodata.HAL_RCC_GetSysClockFreq.str1.1
                0x0000000008005e94       0x11 Drivers/STM32F1xx_HAL_Driver/Src/stm32f1xx_hal_rcc.o
 .rodata.HAL_RCCEx_GetPeriphCLKFreq.str1.1
                0x0000000008005ea5       0x11 Drivers/STM32F1xx_HAL_Driver/Src/stm32f1xx_hal_rcc_ex.o
 .rodata.UsbReceivedMidiCC.str1.1
                0x0000000008005ea5       0x3e Source/ProjectMain.o
 .rodata.UsbReceivedMidiPC.str1.1
                0x0000000008005ee3        0xe Source/ProjectMain.o
 .rodata.display.str1.1
                0x0000000008005ef1        0x7 Source/ProjectMain.o
 .rodata.ProjectMain.str1.1
                0x0000000008005ef8       0x11 Source/ProjectMain.o
 .rodata.debugAdc.str1.1
                0x0000000008005f09        0x7 Source/debug.o
 .rodata.debugState.str1.1
                0x0000000008005f10        0xf Source/debug.o
 .rodata.USART_CLS.str1.1
                0x0000000008005f1f        0x8 Source/jr_usart_103_hal.o
 .rodata.debug.str1.1
                0x0000000008005f27        0x6 Source/jr_usart_103_hal.o
 .rodata.USART_init.str1.1
                0x0000000008005f2d       0x31 Source/jr_usart_103_hal.o
 .rodata.dump_hex8.str1.1
                0x0000000008005f5e        0x6 Source/jr_usart_103_hal.o
 .rodata.Font11x18
                0x0000000008005f64      0xd5c Source/ssd1306_fonts.o
 .rodata.Font7x10
                0x0000000008006cc0      0x76c Source/ssd1306_fonts.o
 .rodata.MIDI_DataRx.str1.1
                0x000000000800742c       0x16 Source/usbd_midi_if.o
 .rodata.USBD_FS_ManufacturerStrDescriptor.str1.1
                0x0000000008007442        0xa USB_DEVICE/App/usbd_desc.o
 .rodata.USBD_FS_ProductStrDescriptor.str1.1
                0x000000000800744c       0x10 USB_DEVICE/App/usbd_desc.o
 .rodata.USBD_FS_ConfigStrDescriptor.str1.1
                0x000000000800745c        0xc USB_DEVICE/App/usbd_desc.o
 .rodata.USBD_FS_InterfaceStrDescriptor.str1.1
                0x0000000008007468        0xf USB_DEVICE/App/usbd_desc.o
 .rodata.CSWTCH.3
                0x0000000008007477        0x4 USB_DEVICE/Target/usbd_conf.o
 *fill*         0x000000000800747b        0x1 
 .rodata._global_impure_ptr
                0x000000000800747c        0x4 c:/st/stm32cubeide_1.6.1/stm32cubeide/plugins/com.st.stm32cube.ide.mcu.externaltools.gnu-tools-for-stm32.9-2020-q2-update.win32_1.5.0.202011040924/tools/bin/../lib/gcc/arm-none-eabi/9.3.1/../../../../arm-none-eabi/lib/thumb/v7-m/nofp\libc.a(lib_a-impure.o)
                0x000000000800747c                _global_impure_ptr
                0x0000000008007480                . = ALIGN (0x4)

.rel.dyn        0x0000000008007480        0x0
 .rel.iplt      0x0000000008007480        0x0 c:/st/stm32cubeide_1.6.1/stm32cubeide/plugins/com.st.stm32cube.ide.mcu.externaltools.gnu-tools-for-stm32.9-2020-q2-update.win32_1.5.0.202011040924/tools/bin/../lib/gcc/arm-none-eabi/9.3.1/thumb/v7-m/nofp/crtbegin.o

.ARM.extab      0x0000000008007480        0x0
                0x0000000008007480                . = ALIGN (0x4)
 *(.ARM.extab* .gnu.linkonce.armextab.*)
                0x0000000008007480                . = ALIGN (0x4)

.ARM            0x0000000008007480        0x0
                0x0000000008007480                . = ALIGN (0x4)
                0x0000000008007480                __exidx_start = .
 *(.ARM.exidx*)
                0x0000000008007480                __exidx_end = .
                0x0000000008007480                . = ALIGN (0x4)

.preinit_array  0x0000000008007480        0x0
                0x0000000008007480                . = ALIGN (0x4)
                0x0000000008007480                PROVIDE (__preinit_array_start = .)
 *(.preinit_array*)
                0x0000000008007480                PROVIDE (__preinit_array_end = .)
                0x0000000008007480                . = ALIGN (0x4)

.init_array     0x0000000008007480        0x8
                0x0000000008007480                . = ALIGN (0x4)
                0x0000000008007480                PROVIDE (__init_array_start = .)
 *(SORT_BY_NAME(.init_array.*))
 .init_array.00000
                0x0000000008007480        0x4 c:/st/stm32cubeide_1.6.1/stm32cubeide/plugins/com.st.stm32cube.ide.mcu.externaltools.gnu-tools-for-stm32.9-2020-q2-update.win32_1.5.0.202011040924/tools/bin/../lib/gcc/arm-none-eabi/9.3.1/../../../../arm-none-eabi/lib/thumb/v7-m/nofp\libc.a(lib_a-__call_atexit.o)
 *(.init_array*)
 .init_array    0x0000000008007484        0x4 c:/st/stm32cubeide_1.6.1/stm32cubeide/plugins/com.st.stm32cube.ide.mcu.externaltools.gnu-tools-for-stm32.9-2020-q2-update.win32_1.5.0.202011040924/tools/bin/../lib/gcc/arm-none-eabi/9.3.1/thumb/v7-m/nofp/crtbegin.o
                0x0000000008007488                PROVIDE (__init_array_end = .)
                0x0000000008007488                . = ALIGN (0x4)

.fini_array     0x0000000008007488        0x4
                0x0000000008007488                . = ALIGN (0x4)
                0x0000000008007488                PROVIDE (__fini_array_start = .)
 *(SORT_BY_NAME(.fini_array.*))
 *(.fini_array*)
 .fini_array    0x0000000008007488        0x4 c:/st/stm32cubeide_1.6.1/stm32cubeide/plugins/com.st.stm32cube.ide.mcu.externaltools.gnu-tools-for-stm32.9-2020-q2-update.win32_1.5.0.202011040924/tools/bin/../lib/gcc/arm-none-eabi/9.3.1/thumb/v7-m/nofp/crtbegin.o
                0x000000000800748c                PROVIDE (__fini_array_end = .)
                0x000000000800748c                . = ALIGN (0x4)
                0x000000000800748c                _sidata = LOADADDR (.data)

.data           0x0000000020000000      0x5dc load address 0x000000000800748c
                0x0000000020000000                . = ALIGN (0x4)
                0x0000000020000000                _sdata = .
 *(.data)
 *(.data*)
 .data.SystemCoreClock
                0x0000000020000000        0x4 Core/Src/system_stm32f1xx.o
                0x0000000020000000                SystemCoreClock
 .data.uwTickFreq
                0x0000000020000004        0x1 Drivers/STM32F1xx_HAL_Driver/Src/stm32f1xx_hal.o
                0x0000000020000004                uwTickFreq
 *fill*         0x0000000020000005        0x3 
 .data.uwTickPrio
                0x0000000020000008        0x4 Drivers/STM32F1xx_HAL_Driver/Src/stm32f1xx_hal.o
                0x0000000020000008                uwTickPrio
 .data.dev      0x000000002000000c        0xc Source/ProjectMain.o
                0x000000002000000c                dev
 .data.keys     0x0000000020000018       0x88 Source/ProjectMain.o
                0x0000000020000018                keys
 .data.presetNumber
                0x00000000200000a0        0x4 Source/ProjectMain.o
                0x00000000200000a0                presetNumber
 .data.Font_11x18
                0x00000000200000a4        0x8 Source/ssd1306_fonts.o
                0x00000000200000a4                Font_11x18
 .data.Font_7x10
                0x00000000200000ac        0x8 Source/ssd1306_fonts.o
                0x00000000200000ac                Font_7x10
 .data.USBD_MIDI
                0x00000000200000b4       0x38 Source/usbd_midi.o
                0x00000000200000b4                USBD_MIDI
 .data.USBD_MIDI_CfgDesc
                0x00000000200000ec       0x65 Source/usbd_midi.o
                0x00000000200000ec                USBD_MIDI_CfgDesc
 *fill*         0x0000000020000151        0x3 
 .data.USBD_Interface_fops_FS
                0x0000000020000154        0x8 Source/usbd_midi_if.o
                0x0000000020000154                USBD_Interface_fops_FS
 .data.FS_Desc  0x000000002000015c       0x1c USB_DEVICE/App/usbd_desc.o
                0x000000002000015c                FS_Desc
 .data.USBD_FS_DeviceDesc
                0x0000000020000178       0x12 USB_DEVICE/App/usbd_desc.o
                0x0000000020000178                USBD_FS_DeviceDesc
 *fill*         0x000000002000018a        0x2 
 .data.USBD_LangIDDesc
                0x000000002000018c        0x4 USB_DEVICE/App/usbd_desc.o
                0x000000002000018c                USBD_LangIDDesc
 .data.USBD_StringSerial
                0x0000000020000190       0x1a USB_DEVICE/App/usbd_desc.o
                0x0000000020000190                USBD_StringSerial
 *fill*         0x00000000200001aa        0x6 
 .data.impure_data
                0x00000000200001b0      0x428 c:/st/stm32cubeide_1.6.1/stm32cubeide/plugins/com.st.stm32cube.ide.mcu.externaltools.gnu-tools-for-stm32.9-2020-q2-update.win32_1.5.0.202011040924/tools/bin/../lib/gcc/arm-none-eabi/9.3.1/../../../../arm-none-eabi/lib/thumb/v7-m/nofp\libc.a(lib_a-impure.o)
 .data.__atexit_recursive_mutex
                0x00000000200005d8        0x4 c:/st/stm32cubeide_1.6.1/stm32cubeide/plugins/com.st.stm32cube.ide.mcu.externaltools.gnu-tools-for-stm32.9-2020-q2-update.win32_1.5.0.202011040924/tools/bin/../lib/gcc/arm-none-eabi/9.3.1/../../../../arm-none-eabi/lib/thumb/v7-m/nofp\libc.a(lib_a-__call_atexit.o)
                0x00000000200005d8                __atexit_recursive_mutex
 *(.RamFunc)
 *(.RamFunc*)
                0x00000000200005dc                . = ALIGN (0x4)
                0x00000000200005dc                _edata = .

.igot.plt       0x00000000200005dc        0x0 load address 0x0000000008007a68
 .igot.plt      0x00000000200005dc        0x0 c:/st/stm32cubeide_1.6.1/stm32cubeide/plugins/com.st.stm32cube.ide.mcu.externaltools.gnu-tools-for-stm32.9-2020-q2-update.win32_1.5.0.202011040924/tools/bin/../lib/gcc/arm-none-eabi/9.3.1/thumb/v7-m/nofp/crtbegin.o
                0x00000000200005dc                . = ALIGN (0x4)

.bss            0x00000000200005dc     0x13c0 load address 0x0000000008007a68
                0x00000000200005dc                _sbss = .
                0x00000000200005dc                __bss_start__ = _sbss
 *(.bss)
 .bss           0x00000000200005dc       0x1c c:/st/stm32cubeide_1.6.1/stm32cubeide/plugins/com.st.stm32cube.ide.mcu.externaltools.gnu-tools-for-stm32.9-2020-q2-update.win32_1.5.0.202011040924/tools/bin/../lib/gcc/arm-none-eabi/9.3.1/thumb/v7-m/nofp/crtbegin.o
 *(.bss*)
 .bss.cfgidx.8877
                0x00000000200005f8        0x1 Middlewares/ST/STM32_USB_Device_Library/Core/Src/usbd_ctlreq.o
 *fill*         0x00000000200005f9        0x3 
 .bss.temp.7061
                0x00000000200005fc        0x4 Source/HelperLib.o
 .bss.s.7150    0x0000000020000600        0x4 Source/HelperLib.o
 .bss.x.7105    0x0000000020000604        0x4 Source/HelperLib.o
 .bss.isChanged
                0x0000000020000608        0x4 Source/ProjectMain.o
                0x0000000020000608                isChanged
 .bss.isNeedReload
                0x000000002000060c        0x4 Source/ProjectMain.o
                0x000000002000060c                isNeedReload
 .bss.pots      0x0000000020000610      0x108 Source/ProjectMain.o
                0x0000000020000610                pots
 .bss.presets   0x0000000020000718      0x370 Source/ProjectMain.o
                0x0000000020000718                presets
 .bss.str.7099  0x0000000020000a88        0xb Source/jr_usart_103_hal.o
 *fill*         0x0000000020000a93        0x1 
 .bss.SSD1306   0x0000000020000a94        0x6 Source/ssd1306.o
 .bss.SSD1306_Buffer
                0x0000000020000a9a      0x200 Source/ssd1306.o
 .bss.flag_USB_DataIn
                0x0000000020000c9a        0x1 Source/usbd_midi.o
                0x0000000020000c9a                flag_USB_DataIn
 *fill*         0x0000000020000c9b        0x1 
 .bss.pInstance
                0x0000000020000c9c        0x4 Source/usbd_midi.o
                0x0000000020000c9c                pInstance
 .bss.usbmidicable1
                0x0000000020000ca0      0x204 Source/usbd_midi_if.o
                0x0000000020000ca0                usbmidicable1
 *(COMMON)
 COMMON         0x0000000020000ea4      0x1ac Core/Src/main.o
                0x0000000020000ea4                hspi2
                0x0000000020000efc                htim4
                0x0000000020000f44                hi2c2
                0x0000000020000f98                hadc1
                0x0000000020000fc8                hdma_adc1
                0x000000002000100c                huart2
 COMMON         0x0000000020001050        0x4 Drivers/STM32F1xx_HAL_Driver/Src/stm32f1xx_hal.o
                0x0000000020001050                uwTick
 COMMON         0x0000000020001054       0xcc Source/ProjectMain.o
                0x0000000020001054                Adc1Values
                0x0000000020001114                Adc1ConvertedValue
 COMMON         0x0000000020001120      0x2c4 Source/usb_device.o
                0x0000000020001120                hUsbDeviceFS
 COMMON         0x00000000200013e4       0xc0 Source/usbd_midi.o
                0x00000000200013e4                USB_Rx_Buffer
                0x0000000020001424                APP_Rx_Buffer
 COMMON         0x00000000200014a4      0x200 USB_DEVICE/App/usbd_desc.o
                0x00000000200014a4                USBD_StrDesc
 COMMON         0x00000000200016a4      0x2ec USB_DEVICE/Target/usbd_conf.o
                0x00000000200016a4                hpcd_USB_FS
 COMMON         0x0000000020001990        0x9 c:/st/stm32cubeide_1.6.1/stm32cubeide/plugins/com.st.stm32cube.ide.mcu.externaltools.gnu-tools-for-stm32.9-2020-q2-update.win32_1.5.0.202011040924/tools/bin/../lib/gcc/arm-none-eabi/9.3.1/../../../../arm-none-eabi/lib/thumb/v7-m/nofp\libc.a(lib_a-lock.o)
                0x0000000020001990                __lock___atexit_recursive_mutex
                0x0000000020001991                __lock___arc4random_mutex
                0x0000000020001992                __lock___env_recursive_mutex
                0x0000000020001993                __lock___sinit_recursive_mutex
                0x0000000020001994                __lock___malloc_recursive_mutex
                0x0000000020001995                __lock___at_quick_exit_mutex
                0x0000000020001996                __lock___dd_hash_mutex
                0x0000000020001997                __lock___tz_mutex
                0x0000000020001998                __lock___sfp_recursive_mutex
                0x000000002000199c                . = ALIGN (0x4)
 *fill*         0x0000000020001999        0x3 
                0x000000002000199c                _ebss = .
                0x000000002000199c                __bss_end__ = _ebss

._user_heap_stack
                0x000000002000199c      0x604 load address 0x0000000008007a68
                0x00000000200019a0                . = ALIGN (0x8)
 *fill*         0x000000002000199c        0x4 
                [!provide]                        PROVIDE (end = .)
                [!provide]                        PROVIDE (_end = .)
                0x0000000020001ba0                . = (. + _Min_Heap_Size)
 *fill*         0x00000000200019a0      0x200 
                0x0000000020001fa0                . = (. + _Min_Stack_Size)
 *fill*         0x0000000020001ba0      0x400 
                0x0000000020001fa0                . = ALIGN (0x8)

/DISCARD/
 libc.a(*)
 libm.a(*)
 libgcc.a(*)

.ARM.attributes
                0x0000000000000000       0x29
 *(.ARM.attributes)
 .ARM.attributes
                0x0000000000000000       0x1d c:/st/stm32cubeide_1.6.1/stm32cubeide/plugins/com.st.stm32cube.ide.mcu.externaltools.gnu-tools-for-stm32.9-2020-q2-update.win32_1.5.0.202011040924/tools/bin/../lib/gcc/arm-none-eabi/9.3.1/thumb/v7-m/nofp/crti.o
 .ARM.attributes
                0x000000000000001d       0x2d c:/st/stm32cubeide_1.6.1/stm32cubeide/plugins/com.st.stm32cube.ide.mcu.externaltools.gnu-tools-for-stm32.9-2020-q2-update.win32_1.5.0.202011040924/tools/bin/../lib/gcc/arm-none-eabi/9.3.1/thumb/v7-m/nofp/crtbegin.o
 .ARM.attributes
                0x000000000000004a       0x2d Core/Src/main.o
 .ARM.attributes
                0x0000000000000077       0x2d Core/Src/stm32f1xx_hal_msp.o
 .ARM.attributes
                0x00000000000000a4       0x2d Core/Src/stm32f1xx_it.o
 .ARM.attributes
                0x00000000000000d1       0x2d Core/Src/system_stm32f1xx.o
 .ARM.attributes
                0x00000000000000fe       0x21 Core/Startup/startup_stm32f103c8tx.o
 .ARM.attributes
                0x000000000000011f       0x2d Drivers/STM32F1xx_HAL_Driver/Src/stm32f1xx_hal.o
 .ARM.attributes
                0x000000000000014c       0x2d Drivers/STM32F1xx_HAL_Driver/Src/stm32f1xx_hal_adc.o
 .ARM.attributes
                0x0000000000000179       0x2d Drivers/STM32F1xx_HAL_Driver/Src/stm32f1xx_hal_adc_ex.o
 .ARM.attributes
                0x00000000000001a6       0x2d Drivers/STM32F1xx_HAL_Driver/Src/stm32f1xx_hal_cortex.o
 .ARM.attributes
                0x00000000000001d3       0x2d Drivers/STM32F1xx_HAL_Driver/Src/stm32f1xx_hal_dma.o
 .ARM.attributes
                0x0000000000000200       0x2d Drivers/STM32F1xx_HAL_Driver/Src/stm32f1xx_hal_gpio.o
 .ARM.attributes
                0x000000000000022d       0x2d Drivers/STM32F1xx_HAL_Driver/Src/stm32f1xx_hal_i2c.o
 .ARM.attributes
                0x000000000000025a       0x2d Drivers/STM32F1xx_HAL_Driver/Src/stm32f1xx_hal_pcd.o
 .ARM.attributes
                0x0000000000000287       0x2d Drivers/STM32F1xx_HAL_Driver/Src/stm32f1xx_hal_pcd_ex.o
 .ARM.attributes
                0x00000000000002b4       0x2d Drivers/STM32F1xx_HAL_Driver/Src/stm32f1xx_hal_rcc.o
 .ARM.attributes
                0x00000000000002e1       0x2d Drivers/STM32F1xx_HAL_Driver/Src/stm32f1xx_hal_rcc_ex.o
 .ARM.attributes
                0x000000000000030e       0x2d Drivers/STM32F1xx_HAL_Driver/Src/stm32f1xx_hal_spi.o
 .ARM.attributes
                0x000000000000033b       0x2d Drivers/STM32F1xx_HAL_Driver/Src/stm32f1xx_hal_tim.o
 .ARM.attributes
                0x0000000000000368       0x2d Drivers/STM32F1xx_HAL_Driver/Src/stm32f1xx_hal_tim_ex.o
 .ARM.attributes
                0x0000000000000395       0x2d Drivers/STM32F1xx_HAL_Driver/Src/stm32f1xx_hal_uart.o
 .ARM.attributes
                0x00000000000003c2       0x2d Drivers/STM32F1xx_HAL_Driver/Src/stm32f1xx_ll_usb.o
 .ARM.attributes
                0x00000000000003ef       0x2d Middlewares/ST/STM32_USB_Device_Library/Core/Src/usbd_core.o
 .ARM.attributes
                0x000000000000041c       0x2d Middlewares/ST/STM32_USB_Device_Library/Core/Src/usbd_ctlreq.o
 .ARM.attributes
                0x0000000000000449       0x2d Middlewares/ST/STM32_USB_Device_Library/Core/Src/usbd_ioreq.o
 .ARM.attributes
                0x0000000000000476       0x2d Source/HelperLib.o
 .ARM.attributes
                0x00000000000004a3       0x2d Source/ProjectMain.o
 .ARM.attributes
                0x00000000000004d0       0x2d Source/debug.o
 .ARM.attributes
                0x00000000000004fd       0x2d Source/jr_flash_103.o
 .ARM.attributes
                0x000000000000052a       0x2d Source/jr_usart_103_hal.o
 .ARM.attributes
                0x0000000000000557       0x2d Source/ssd1306.o
 .ARM.attributes
                0x0000000000000584       0x33 Source/ssd1306_fonts.o
 .ARM.attributes
                0x00000000000005b7       0x2d Source/usb_device.o
 .ARM.attributes
                0x00000000000005e4       0x2d Source/usbd_midi.o
 .ARM.attributes
                0x0000000000000611       0x2d Source/usbd_midi_if.o
 .ARM.attributes
                0x000000000000063e       0x2d USB_DEVICE/App/usbd_desc.o
 .ARM.attributes
                0x000000000000066b       0x2d USB_DEVICE/Target/usbd_conf.o
 .ARM.attributes
                0x0000000000000698       0x2d c:/st/stm32cubeide_1.6.1/stm32cubeide/plugins/com.st.stm32cube.ide.mcu.externaltools.gnu-tools-for-stm32.9-2020-q2-update.win32_1.5.0.202011040924/tools/bin/../lib/gcc/arm-none-eabi/9.3.1/../../../../arm-none-eabi/lib/thumb/v7-m/nofp\libc.a(lib_a-impure.o)
 .ARM.attributes
                0x00000000000006c5       0x2d c:/st/stm32cubeide_1.6.1/stm32cubeide/plugins/com.st.stm32cube.ide.mcu.externaltools.gnu-tools-for-stm32.9-2020-q2-update.win32_1.5.0.202011040924/tools/bin/../lib/gcc/arm-none-eabi/9.3.1/../../../../arm-none-eabi/lib/thumb/v7-m/nofp\libc.a(lib_a-init.o)
 .ARM.attributes
                0x00000000000006f2       0x2d c:/st/stm32cubeide_1.6.1/stm32cubeide/plugins/com.st.stm32cube.ide.mcu.externaltools.gnu-tools-for-stm32.9-2020-q2-update.win32_1.5.0.202011040924/tools/bin/../lib/gcc/arm-none-eabi/9.3.1/../../../../arm-none-eabi/lib/thumb/v7-m/nofp\libc.a(lib_a-memset.o)
 .ARM.attributes
                0x000000000000071f       0x2d c:/st/stm32cubeide_1.6.1/stm32cubeide/plugins/com.st.stm32cube.ide.mcu.externaltools.gnu-tools-for-stm32.9-2020-q2-update.win32_1.5.0.202011040924/tools/bin/../lib/gcc/arm-none-eabi/9.3.1/../../../../arm-none-eabi/lib/thumb/v7-m/nofp\libc.a(lib_a-__call_atexit.o)
 .ARM.attributes
                0x000000000000074c       0x2d c:/st/stm32cubeide_1.6.1/stm32cubeide/plugins/com.st.stm32cube.ide.mcu.externaltools.gnu-tools-for-stm32.9-2020-q2-update.win32_1.5.0.202011040924/tools/bin/../lib/gcc/arm-none-eabi/9.3.1/../../../../arm-none-eabi/lib/thumb/v7-m/nofp\libc.a(lib_a-atexit.o)
 .ARM.attributes
                0x0000000000000779       0x2d c:/st/stm32cubeide_1.6.1/stm32cubeide/plugins/com.st.stm32cube.ide.mcu.externaltools.gnu-tools-for-stm32.9-2020-q2-update.win32_1.5.0.202011040924/tools/bin/../lib/gcc/arm-none-eabi/9.3.1/../../../../arm-none-eabi/lib/thumb/v7-m/nofp\libc.a(lib_a-fini.o)
 .ARM.attributes
                0x00000000000007a6       0x2d c:/st/stm32cubeide_1.6.1/stm32cubeide/plugins/com.st.stm32cube.ide.mcu.externaltools.gnu-tools-for-stm32.9-2020-q2-update.win32_1.5.0.202011040924/tools/bin/../lib/gcc/arm-none-eabi/9.3.1/../../../../arm-none-eabi/lib/thumb/v7-m/nofp\libc.a(lib_a-lock.o)
 .ARM.attributes
                0x00000000000007d3       0x2d c:/st/stm32cubeide_1.6.1/stm32cubeide/plugins/com.st.stm32cube.ide.mcu.externaltools.gnu-tools-for-stm32.9-2020-q2-update.win32_1.5.0.202011040924/tools/bin/../lib/gcc/arm-none-eabi/9.3.1/../../../../arm-none-eabi/lib/thumb/v7-m/nofp\libc.a(lib_a-__atexit.o)
 .ARM.attributes
                0x0000000000000800       0x1d c:/st/stm32cubeide_1.6.1/stm32cubeide/plugins/com.st.stm32cube.ide.mcu.externaltools.gnu-tools-for-stm32.9-2020-q2-update.win32_1.5.0.202011040924/tools/bin/../lib/gcc/arm-none-eabi/9.3.1/thumb/v7-m/nofp\libgcc.a(_arm_addsubsf3.o)
 .ARM.attributes
                0x000000000000081d       0x1d c:/st/stm32cubeide_1.6.1/stm32cubeide/plugins/com.st.stm32cube.ide.mcu.externaltools.gnu-tools-for-stm32.9-2020-q2-update.win32_1.5.0.202011040924/tools/bin/../lib/gcc/arm-none-eabi/9.3.1/thumb/v7-m/nofp\libgcc.a(_arm_muldivsf3.o)
 .ARM.attributes
                0x000000000000083a       0x1d c:/st/stm32cubeide_1.6.1/stm32cubeide/plugins/com.st.stm32cube.ide.mcu.externaltools.gnu-tools-for-stm32.9-2020-q2-update.win32_1.5.0.202011040924/tools/bin/../lib/gcc/arm-none-eabi/9.3.1/thumb/v7-m/nofp\libgcc.a(_arm_cmpsf2.o)
 .ARM.attributes
                0x0000000000000857       0x1d c:/st/stm32cubeide_1.6.1/stm32cubeide/plugins/com.st.stm32cube.ide.mcu.externaltools.gnu-tools-for-stm32.9-2020-q2-update.win32_1.5.0.202011040924/tools/bin/../lib/gcc/arm-none-eabi/9.3.1/thumb/v7-m/nofp\libgcc.a(_arm_fixsfsi.o)
 .ARM.attributes
                0x0000000000000874       0x1d c:/st/stm32cubeide_1.6.1/stm32cubeide/plugins/com.st.stm32cube.ide.mcu.externaltools.gnu-tools-for-stm32.9-2020-q2-update.win32_1.5.0.202011040924/tools/bin/../lib/gcc/arm-none-eabi/9.3.1/thumb/v7-m/nofp\libgcc.a(_arm_fixunssfsi.o)
 .ARM.attributes
                0x0000000000000891       0x1d c:/st/stm32cubeide_1.6.1/stm32cubeide/plugins/com.st.stm32cube.ide.mcu.externaltools.gnu-tools-for-stm32.9-2020-q2-update.win32_1.5.0.202011040924/tools/bin/../lib/gcc/arm-none-eabi/9.3.1/thumb/v7-m/nofp/crtn.o
OUTPUT(Boss103c8t6.elf elf32-littlearm)
LOAD linker stubs
LOAD c:/st/stm32cubeide_1.6.1/stm32cubeide/plugins/com.st.stm32cube.ide.mcu.externaltools.gnu-tools-for-stm32.9-2020-q2-update.win32_1.5.0.202011040924/tools/bin/../lib/gcc/arm-none-eabi/9.3.1/../../../../arm-none-eabi/lib/thumb/v7-m/nofp\libc.a
LOAD c:/st/stm32cubeide_1.6.1/stm32cubeide/plugins/com.st.stm32cube.ide.mcu.externaltools.gnu-tools-for-stm32.9-2020-q2-update.win32_1.5.0.202011040924/tools/bin/../lib/gcc/arm-none-eabi/9.3.1/../../../../arm-none-eabi/lib/thumb/v7-m/nofp\libm.a
LOAD c:/st/stm32cubeide_1.6.1/stm32cubeide/plugins/com.st.stm32cube.ide.mcu.externaltools.gnu-tools-for-stm32.9-2020-q2-update.win32_1.5.0.202011040924/tools/bin/../lib/gcc/arm-none-eabi/9.3.1/thumb/v7-m/nofp\libgcc.a

.comment        0x0000000000000000       0x53
 .comment       0x0000000000000000       0x53 Core/Src/main.o
                                         0x54 (size before relaxing)
 .comment       0x0000000000000053       0x54 Core/Src/stm32f1xx_hal_msp.o
 .comment       0x0000000000000053       0x54 Core/Src/stm32f1xx_it.o
 .comment       0x0000000000000053       0x54 Core/Src/system_stm32f1xx.o
 .comment       0x0000000000000053       0x54 Drivers/STM32F1xx_HAL_Driver/Src/stm32f1xx_hal.o
 .comment       0x0000000000000053       0x54 Drivers/STM32F1xx_HAL_Driver/Src/stm32f1xx_hal_adc.o
 .comment       0x0000000000000053       0x54 Drivers/STM32F1xx_HAL_Driver/Src/stm32f1xx_hal_adc_ex.o
 .comment       0x0000000000000053       0x54 Drivers/STM32F1xx_HAL_Driver/Src/stm32f1xx_hal_cortex.o
 .comment       0x0000000000000053       0x54 Drivers/STM32F1xx_HAL_Driver/Src/stm32f1xx_hal_dma.o
 .comment       0x0000000000000053       0x54 Drivers/STM32F1xx_HAL_Driver/Src/stm32f1xx_hal_gpio.o
 .comment       0x0000000000000053       0x54 Drivers/STM32F1xx_HAL_Driver/Src/stm32f1xx_hal_i2c.o
 .comment       0x0000000000000053       0x54 Drivers/STM32F1xx_HAL_Driver/Src/stm32f1xx_hal_pcd.o
 .comment       0x0000000000000053       0x54 Drivers/STM32F1xx_HAL_Driver/Src/stm32f1xx_hal_pcd_ex.o
 .comment       0x0000000000000053       0x54 Drivers/STM32F1xx_HAL_Driver/Src/stm32f1xx_hal_rcc.o
 .comment       0x0000000000000053       0x54 Drivers/STM32F1xx_HAL_Driver/Src/stm32f1xx_hal_rcc_ex.o
 .comment       0x0000000000000053       0x54 Drivers/STM32F1xx_HAL_Driver/Src/stm32f1xx_hal_spi.o
 .comment       0x0000000000000053       0x54 Drivers/STM32F1xx_HAL_Driver/Src/stm32f1xx_hal_tim.o
 .comment       0x0000000000000053       0x54 Drivers/STM32F1xx_HAL_Driver/Src/stm32f1xx_hal_tim_ex.o
 .comment       0x0000000000000053       0x54 Drivers/STM32F1xx_HAL_Driver/Src/stm32f1xx_hal_uart.o
 .comment       0x0000000000000053       0x54 Drivers/STM32F1xx_HAL_Driver/Src/stm32f1xx_ll_usb.o
 .comment       0x0000000000000053       0x54 Middlewares/ST/STM32_USB_Device_Library/Core/Src/usbd_core.o
 .comment       0x0000000000000053       0x54 Middlewares/ST/STM32_USB_Device_Library/Core/Src/usbd_ctlreq.o
 .comment       0x0000000000000053       0x54 Middlewares/ST/STM32_USB_Device_Library/Core/Src/usbd_ioreq.o
 .comment       0x0000000000000053       0x54 Source/HelperLib.o
 .comment       0x0000000000000053       0x54 Source/ProjectMain.o
 .comment       0x0000000000000053       0x54 Source/debug.o
 .comment       0x0000000000000053       0x54 Source/jr_flash_103.o
 .comment       0x0000000000000053       0x54 Source/jr_usart_103_hal.o
 .comment       0x0000000000000053       0x54 Source/ssd1306.o
 .comment       0x0000000000000053       0x54 Source/ssd1306_fonts.o
 .comment       0x0000000000000053       0x54 Source/usb_device.o
 .comment       0x0000000000000053       0x54 Source/usbd_midi.o
 .comment       0x0000000000000053       0x54 Source/usbd_midi_if.o
 .comment       0x0000000000000053       0x54 USB_DEVICE/App/usbd_desc.o
 .comment       0x0000000000000053       0x54 USB_DEVICE/Target/usbd_conf.o

.debug_frame    0x0000000000000000      0x374
 .debug_frame   0x0000000000000000       0x2c c:/st/stm32cubeide_1.6.1/stm32cubeide/plugins/com.st.stm32cube.ide.mcu.externaltools.gnu-tools-for-stm32.9-2020-q2-update.win32_1.5.0.202011040924/tools/bin/../lib/gcc/arm-none-eabi/9.3.1/../../../../arm-none-eabi/lib/thumb/v7-m/nofp\libc.a(lib_a-init.o)
 .debug_frame   0x000000000000002c       0x20 c:/st/stm32cubeide_1.6.1/stm32cubeide/plugins/com.st.stm32cube.ide.mcu.externaltools.gnu-tools-for-stm32.9-2020-q2-update.win32_1.5.0.202011040924/tools/bin/../lib/gcc/arm-none-eabi/9.3.1/../../../../arm-none-eabi/lib/thumb/v7-m/nofp\libc.a(lib_a-memset.o)
 .debug_frame   0x000000000000004c       0x58 c:/st/stm32cubeide_1.6.1/stm32cubeide/plugins/com.st.stm32cube.ide.mcu.externaltools.gnu-tools-for-stm32.9-2020-q2-update.win32_1.5.0.202011040924/tools/bin/../lib/gcc/arm-none-eabi/9.3.1/../../../../arm-none-eabi/lib/thumb/v7-m/nofp\libc.a(lib_a-__call_atexit.o)
 .debug_frame   0x00000000000000a4       0x20 c:/st/stm32cubeide_1.6.1/stm32cubeide/plugins/com.st.stm32cube.ide.mcu.externaltools.gnu-tools-for-stm32.9-2020-q2-update.win32_1.5.0.202011040924/tools/bin/../lib/gcc/arm-none-eabi/9.3.1/../../../../arm-none-eabi/lib/thumb/v7-m/nofp\libc.a(lib_a-atexit.o)
 .debug_frame   0x00000000000000c4       0x38 c:/st/stm32cubeide_1.6.1/stm32cubeide/plugins/com.st.stm32cube.ide.mcu.externaltools.gnu-tools-for-stm32.9-2020-q2-update.win32_1.5.0.202011040924/tools/bin/../lib/gcc/arm-none-eabi/9.3.1/../../../../arm-none-eabi/lib/thumb/v7-m/nofp\libc.a(lib_a-fini.o)
 .debug_frame   0x00000000000000fc       0xb0 c:/st/stm32cubeide_1.6.1/stm32cubeide/plugins/com.st.stm32cube.ide.mcu.externaltools.gnu-tools-for-stm32.9-2020-q2-update.win32_1.5.0.202011040924/tools/bin/../lib/gcc/arm-none-eabi/9.3.1/../../../../arm-none-eabi/lib/thumb/v7-m/nofp\libc.a(lib_a-lock.o)
 .debug_frame   0x00000000000001ac       0x34 c:/st/stm32cubeide_1.6.1/stm32cubeide/plugins/com.st.stm32cube.ide.mcu.externaltools.gnu-tools-for-stm32.9-2020-q2-update.win32_1.5.0.202011040924/tools/bin/../lib/gcc/arm-none-eabi/9.3.1/../../../../arm-none-eabi/lib/thumb/v7-m/nofp\libc.a(lib_a-__atexit.o)
 .debug_frame   0x00000000000001e0       0x4c c:/st/stm32cubeide_1.6.1/stm32cubeide/plugins/com.st.stm32cube.ide.mcu.externaltools.gnu-tools-for-stm32.9-2020-q2-update.win32_1.5.0.202011040924/tools/bin/../lib/gcc/arm-none-eabi/9.3.1/thumb/v7-m/nofp\libgcc.a(_arm_addsubsf3.o)
 .debug_frame   0x000000000000022c       0x38 c:/st/stm32cubeide_1.6.1/stm32cubeide/plugins/com.st.stm32cube.ide.mcu.externaltools.gnu-tools-for-stm32.9-2020-q2-update.win32_1.5.0.202011040924/tools/bin/../lib/gcc/arm-none-eabi/9.3.1/thumb/v7-m/nofp\libgcc.a(_arm_muldivsf3.o)
 .debug_frame   0x0000000000000264       0xc8 c:/st/stm32cubeide_1.6.1/stm32cubeide/plugins/com.st.stm32cube.ide.mcu.externaltools.gnu-tools-for-stm32.9-2020-q2-update.win32_1.5.0.202011040924/tools/bin/../lib/gcc/arm-none-eabi/9.3.1/thumb/v7-m/nofp\libgcc.a(_arm_cmpsf2.o)
 .debug_frame   0x000000000000032c       0x24 c:/st/stm32cubeide_1.6.1/stm32cubeide/plugins/com.st.stm32cube.ide.mcu.externaltools.gnu-tools-for-stm32.9-2020-q2-update.win32_1.5.0.202011040924/tools/bin/../lib/gcc/arm-none-eabi/9.3.1/thumb/v7-m/nofp\libgcc.a(_arm_fixsfsi.o)
 .debug_frame   0x0000000000000350       0x24 c:/st/stm32cubeide_1.6.1/stm32cubeide/plugins/com.st.stm32cube.ide.mcu.externaltools.gnu-tools-for-stm32.9-2020-q2-update.win32_1.5.0.202011040924/tools/bin/../lib/gcc/arm-none-eabi/9.3.1/thumb/v7-m/nofp\libgcc.a(_arm_fixunssfsi.o)
