jr_usart_103_hal.c:33:6:USART_PUTC	0	static
jr_usart_103_hal.c:40:6:USART_GETC	0	static
jr_usart_103_hal.c:50:6:USART_PRINTLN	8	static
jr_usart_103_hal.c:56:6:USART_PRINT	0	static
jr_usart_103_hal.c:62:6:echo	0	static
jr_usart_103_hal.c:68:6:USART_CLS	16	static
jr_usart_103_hal.c:74:7:dec_u32	8	static
jr_usart_103_hal.c:87:6:debug	8	static
jr_usart_103_hal.c:22:6:USART_init	8	static
jr_usart_103_hal.c:93:6:debug2	16	static
jr_usart_103_hal.c:114:6:n2hex	0	static
jr_usart_103_hal.c:122:6:dump_hex8	24	static
jr_usart_103_hal.c:135:6:dump_hex8c	24	static
jr_usart_103_hal.c:148:6:dump_ascii8	24	static
jr_usart_103_hal.c:159:6:echo_hex8	8	static
jr_usart_103_hal.c:166:7:hex_u32	8	static
jr_usart_103_hal.c:178:6:echo_hex32	8	static
jr_usart_103_hal.c:181:6:echo_hex33	8	static
jr_usart_103_hal.c:188:6:crlf	0	static
jr_usart_103_hal.c:193:6:echo_u32	8	static
jr_usart_103_hal.c:198:6:echo_u33	8	static
jr_usart_103_hal.c:203:6:echo_s	8	static
jr_usart_103_hal.c:210:6:echo_star	8	static
jr_usart_103_hal.c:224:7:dec_float	24	static
jr_usart_103_hal.c:218:6:echo_float	8	static
